Archive member included to satisfy reference by file (symbol)

/home/kbisland/Ac6/SystemWorkbench/plugins/fr.ac6.mcu.externaltools.arm-none.linux64_1.16.0.201807130628/tools/compiler/bin/../lib/gcc/arm-none-eabi/7.2.1/thumb/v7e-m/fpv4-sp/hard/libgcc.a(_aeabi_uldivmod.o)
                              Drivers/STM32L4xx_HAL_Driver/stm32l4xx_hal_uart.o (__aeabi_uldivmod)
/home/kbisland/Ac6/SystemWorkbench/plugins/fr.ac6.mcu.externaltools.arm-none.linux64_1.16.0.201807130628/tools/compiler/bin/../lib/gcc/arm-none-eabi/7.2.1/thumb/v7e-m/fpv4-sp/hard/libgcc.a(_udivmoddi4.o)
                              /home/kbisland/Ac6/SystemWorkbench/plugins/fr.ac6.mcu.externaltools.arm-none.linux64_1.16.0.201807130628/tools/compiler/bin/../lib/gcc/arm-none-eabi/7.2.1/thumb/v7e-m/fpv4-sp/hard/libgcc.a(_aeabi_uldivmod.o) (__udivmoddi4)
/home/kbisland/Ac6/SystemWorkbench/plugins/fr.ac6.mcu.externaltools.arm-none.linux64_1.16.0.201807130628/tools/compiler/bin/../lib/gcc/arm-none-eabi/7.2.1/thumb/v7e-m/fpv4-sp/hard/libgcc.a(_dvmd_tls.o)
                              /home/kbisland/Ac6/SystemWorkbench/plugins/fr.ac6.mcu.externaltools.arm-none.linux64_1.16.0.201807130628/tools/compiler/bin/../lib/gcc/arm-none-eabi/7.2.1/thumb/v7e-m/fpv4-sp/hard/libgcc.a(_aeabi_uldivmod.o) (__aeabi_ldiv0)
/home/kbisland/Ac6/SystemWorkbench/plugins/fr.ac6.mcu.externaltools.arm-none.linux64_1.16.0.201807130628/tools/compiler/bin/../lib/gcc/arm-none-eabi/7.2.1/../../../../arm-none-eabi/lib/thumb/v7e-m/fpv4-sp/hard/libc_nano.a(lib_a-exit.o)
                              /home/kbisland/Ac6/SystemWorkbench/plugins/fr.ac6.mcu.externaltools.arm-none.linux64_1.16.0.201807130628/tools/compiler/bin/../lib/gcc/arm-none-eabi/7.2.1/../../../../arm-none-eabi/lib/thumb/v7e-m/fpv4-sp/hard/crt0.o (exit)
/home/kbisland/Ac6/SystemWorkbench/plugins/fr.ac6.mcu.externaltools.arm-none.linux64_1.16.0.201807130628/tools/compiler/bin/../lib/gcc/arm-none-eabi/7.2.1/../../../../arm-none-eabi/lib/thumb/v7e-m/fpv4-sp/hard/libc_nano.a(lib_a-impure.o)
                              /home/kbisland/Ac6/SystemWorkbench/plugins/fr.ac6.mcu.externaltools.arm-none.linux64_1.16.0.201807130628/tools/compiler/bin/../lib/gcc/arm-none-eabi/7.2.1/../../../../arm-none-eabi/lib/thumb/v7e-m/fpv4-sp/hard/libc_nano.a(lib_a-exit.o) (_global_impure_ptr)
/home/kbisland/Ac6/SystemWorkbench/plugins/fr.ac6.mcu.externaltools.arm-none.linux64_1.16.0.201807130628/tools/compiler/bin/../lib/gcc/arm-none-eabi/7.2.1/../../../../arm-none-eabi/lib/thumb/v7e-m/fpv4-sp/hard/libc_nano.a(lib_a-init.o)
                              /home/kbisland/Ac6/SystemWorkbench/plugins/fr.ac6.mcu.externaltools.arm-none.linux64_1.16.0.201807130628/tools/compiler/bin/../lib/gcc/arm-none-eabi/7.2.1/../../../../arm-none-eabi/lib/thumb/v7e-m/fpv4-sp/hard/crt0.o (__libc_init_array)
/home/kbisland/Ac6/SystemWorkbench/plugins/fr.ac6.mcu.externaltools.arm-none.linux64_1.16.0.201807130628/tools/compiler/bin/../lib/gcc/arm-none-eabi/7.2.1/../../../../arm-none-eabi/lib/thumb/v7e-m/fpv4-sp/hard/libc_nano.a(lib_a-memset.o)
                              /home/kbisland/Ac6/SystemWorkbench/plugins/fr.ac6.mcu.externaltools.arm-none.linux64_1.16.0.201807130628/tools/compiler/bin/../lib/gcc/arm-none-eabi/7.2.1/../../../../arm-none-eabi/lib/thumb/v7e-m/fpv4-sp/hard/crt0.o (memset)
/home/kbisland/Ac6/SystemWorkbench/plugins/fr.ac6.mcu.externaltools.arm-none.linux64_1.16.0.201807130628/tools/compiler/bin/../lib/gcc/arm-none-eabi/7.2.1/../../../../arm-none-eabi/lib/thumb/v7e-m/fpv4-sp/hard/libc_nano.a(lib_a-printf.o)
                              Application/User/Core/main.o (printf)
/home/kbisland/Ac6/SystemWorkbench/plugins/fr.ac6.mcu.externaltools.arm-none.linux64_1.16.0.201807130628/tools/compiler/bin/../lib/gcc/arm-none-eabi/7.2.1/../../../../arm-none-eabi/lib/thumb/v7e-m/fpv4-sp/hard/libc_nano.a(lib_a-findfp.o)
                              /home/kbisland/Ac6/SystemWorkbench/plugins/fr.ac6.mcu.externaltools.arm-none.linux64_1.16.0.201807130628/tools/compiler/bin/../lib/gcc/arm-none-eabi/7.2.1/../../../../arm-none-eabi/lib/thumb/v7e-m/fpv4-sp/hard/libc_nano.a(lib_a-printf.o) (__sinit)
/home/kbisland/Ac6/SystemWorkbench/plugins/fr.ac6.mcu.externaltools.arm-none.linux64_1.16.0.201807130628/tools/compiler/bin/../lib/gcc/arm-none-eabi/7.2.1/../../../../arm-none-eabi/lib/thumb/v7e-m/fpv4-sp/hard/libc_nano.a(lib_a-fwalk.o)
                              /home/kbisland/Ac6/SystemWorkbench/plugins/fr.ac6.mcu.externaltools.arm-none.linux64_1.16.0.201807130628/tools/compiler/bin/../lib/gcc/arm-none-eabi/7.2.1/../../../../arm-none-eabi/lib/thumb/v7e-m/fpv4-sp/hard/libc_nano.a(lib_a-findfp.o) (_fwalk)
/home/kbisland/Ac6/SystemWorkbench/plugins/fr.ac6.mcu.externaltools.arm-none.linux64_1.16.0.201807130628/tools/compiler/bin/../lib/gcc/arm-none-eabi/7.2.1/../../../../arm-none-eabi/lib/thumb/v7e-m/fpv4-sp/hard/libc_nano.a(lib_a-nano-mallocr.o)
[...]
Memory Configuration

Name             Origin             Length             Attributes
RAM              0x0000000020000000 0x0000000000010000 xrw
FLASH            0x0000000008000000 0x0000000000020000 xr
*default*        0x0000000000000000 0xffffffffffffffff

Linker script and memory map

LOAD /home/kbisland/Ac6/SystemWorkbench/plugins/fr.ac6.mcu.externaltools.arm-none.linux64_1.16.0.201807130628/tools/compiler/bin/../lib/gcc/arm-none-eabi/7.2.1/thumb/v7e-m/fpv4-sp/hard/crti.o
LOAD /home/kbisland/Ac6/SystemWorkbench/plugins/fr.ac6.mcu.externaltools.arm-none.linux64_1.16.0.201807130628/tools/compiler/bin/../lib/gcc/arm-none-eabi/7.2.1/thumb/v7e-m/fpv4-sp/hard/crtbegin.o
LOAD /home/kbisland/Ac6/SystemWorkbench/plugins/fr.ac6.mcu.externaltools.arm-none.linux64_1.16.0.201807130628/tools/compiler/bin/../lib/gcc/arm-none-eabi/7.2.1/../../../../arm-none-eabi/lib/thumb/v7e-m/fpv4-sp/hard/crt0.o
LOAD Application/SW4STM32/startup_stm32l431xx.o
LOAD Application/User/Core/main.o
LOAD Application/User/Core/stm32l4xx_hal_msp.o
LOAD Application/User/Core/stm32l4xx_it.o
LOAD Drivers/CMSIS/system_stm32l4xx.o
LOAD Drivers/STM32L4xx_HAL_Driver/stm32l4xx_hal.o
LOAD Drivers/STM32L4xx_HAL_Driver/stm32l4xx_hal_adc.o
LOAD Drivers/STM32L4xx_HAL_Driver/stm32l4xx_hal_adc_ex.o
LOAD Drivers/STM32L4xx_HAL_Driver/stm32l4xx_hal_cortex.o
LOAD Drivers/STM32L4xx_HAL_Driver/stm32l4xx_hal_dma.o
LOAD Drivers/STM32L4xx_HAL_Driver/stm32l4xx_hal_dma_ex.o
LOAD Drivers/STM32L4xx_HAL_Driver/stm32l4xx_hal_flash.o
LOAD Drivers/STM32L4xx_HAL_Driver/stm32l4xx_hal_flash_ex.o
LOAD Drivers/STM32L4xx_HAL_Driver/stm32l4xx_hal_flash_ramfunc.o
LOAD Drivers/STM32L4xx_HAL_Driver/stm32l4xx_hal_gpio.o
LOAD Drivers/STM32L4xx_HAL_Driver/stm32l4xx_hal_i2c.o
LOAD Drivers/STM32L4xx_HAL_Driver/stm32l4xx_hal_i2c_ex.o
LOAD Drivers/STM32L4xx_HAL_Driver/stm32l4xx_hal_pwr.o
LOAD Drivers/STM32L4xx_HAL_Driver/stm32l4xx_hal_pwr_ex.o
LOAD Drivers/STM32L4xx_HAL_Driver/stm32l4xx_hal_rcc.o
LOAD Drivers/STM32L4xx_HAL_Driver/stm32l4xx_hal_rcc_ex.o
LOAD Drivers/STM32L4xx_HAL_Driver/stm32l4xx_hal_smbus.o
LOAD Drivers/STM32L4xx_HAL_Driver/stm32l4xx_hal_spi.o
LOAD Drivers/STM32L4xx_HAL_Driver/stm32l4xx_hal_spi_ex.o
LOAD Drivers/STM32L4xx_HAL_Driver/stm32l4xx_hal_tim.o
LOAD Drivers/STM32L4xx_HAL_Driver/stm32l4xx_hal_tim_ex.o
LOAD Drivers/STM32L4xx_HAL_Driver/stm32l4xx_hal_uart.o
LOAD Drivers/STM32L4xx_HAL_Driver/stm32l4xx_hal_uart_ex.o
LOAD /home/kbisland/Ac6/SystemWorkbench/plugins/fr.ac6.mcu.externaltools.arm-none.linux64_1.16.0.201807130628/tools/compiler/bin/../lib/gcc/arm-none-eabi/7.2.1/../../../../arm-none-eabi/lib/thumb/v7e-m/fpv4-sp/hard/libm.a
START GROUP
LOAD /home/kbisland/Ac6/SystemWorkbench/plugins/fr.ac6.mcu.externaltools.arm-none.linux64_1.16.0.201807130628/tools/compiler/bin/../lib/gcc/arm-none-eabi/7.2.1/thumb/v7e-m/fpv4-sp/hard/libgcc.a
LOAD /home/kbisland/Ac6/SystemWorkbench/plugins/fr.ac6.mcu.externaltools.arm-none.linux64_1.16.0.201807130628/tools/compiler/bin/../lib/gcc/arm-none-eabi/7.2.1/../../../../arm-none-eabi/lib/thumb/v7e-m/fpv4-sp/hard/libc_nano.a
END GROUP
START GROUP
LOAD /home/kbisland/Ac6/SystemWorkbench/plugins/fr.ac6.mcu.externaltools.arm-none.linux64_1.16.0.201807130628/tools/compiler/bin/../lib/gcc/arm-none-eabi/7.2.1/thumb/v7e-m/fpv4-sp/hard/libgcc.a
LOAD /home/kbisland/Ac6/SystemWorkbench/plugins/fr.ac6.mcu.externaltools.arm-none.linux64_1.16.0.201807130628/tools/compiler/bin/../lib/gcc/arm-none-eabi/7.2.1/../../../../arm-none-eabi/lib/thumb/v7e-m/fpv4-sp/hard/libc_nano.a
LOAD /home/kbisland/Ac6/SystemWorkbench/plugins/fr.ac6.mcu.externaltools.arm-none.linux64_1.16.0.201807130628/tools/compiler/bin/../lib/gcc/arm-none-eabi/7.2.1/../../../../arm-none-eabi/lib/thumb/v7e-m/fpv4-sp/hard/libnosys.a
END GROUP
START GROUP
LOAD /home/kbisland/Ac6/SystemWorkbench/plugins/fr.ac6.mcu.externaltools.arm-none.linux64_1.16.0.201807130628/tools/compiler/bin/../lib/gcc/arm-none-eabi/7.2.1/thumb/v7e-m/fpv4-sp/hard/libgcc.a
LOAD /home/kbisland/Ac6/SystemWorkbench/plugins/fr.ac6.mcu.externaltools.arm-none.linux64_1.16.0.201807130628/tools/compiler/bin/../lib/gcc/arm-none-eabi/7.2.1/../../../../arm-none-eabi/lib/thumb/v7e-m/fpv4-sp/hard/libc_nano.a
LOAD /home/kbisland/Ac6/SystemWorkbench/plugins/fr.ac6.mcu.externaltools.arm-none.linux64_1.16.0.201807130628/tools/compiler/bin/../lib/gcc/arm-none-eabi/7.2.1/../../../../arm-none-eabi/lib/thumb/v7e-m/fpv4-sp/hard/libnosys.a
END GROUP
LOAD /home/kbisland/Ac6/SystemWorkbench/plugins/fr.ac6.mcu.externaltools.arm-none.linux64_1.16.0.201807130628/tools/compiler/bin/../lib/gcc/arm-none-eabi/7.2.1/thumb/v7e-m/fpv4-sp/hard/crtend.o
LOAD /home/kbisland/Ac6/SystemWorkbench/plugins/fr.ac6.mcu.externaltools.arm-none.linux64_1.16.0.201807130628/tools/compiler/bin/../lib/gcc/arm-none-eabi/7.2.1/thumb/v7e-m/fpv4-sp/hard/crtn.o
                0x0000000020010000                _estack = 0x20010000
                0x0000000000000200                _Min_Heap_Size = 0x200
                0x0000000000000400                _Min_Stack_Size = 0x400

.isr_vector     0x0000000008000000      0x190
                0x0000000008000000                . = ALIGN (0x8)
 *(.isr_vector)
 .isr_vector    0x0000000008000000      0x18c Application/SW4STM32/startup_stm32l431xx.o
                0x0000000008000000                g_pfnVectors
                0x0000000008000190                . = ALIGN (0x8)
 *fill*         0x000000000800018c        0x4 

.text           0x0000000008000190     0x4d20
                0x0000000008000190                . = ALIGN (0x8)
 *(.text)
 .text          0x0000000008000190       0x40 /home/kbisland/Ac6/SystemWorkbench/plugins/fr.ac6.mcu.externaltools.arm-none.linux64_1.16.0.201807130628/tools/compiler/bin/../lib/gcc/arm-none-eabi/7.2.1/thumb/v7e-m/fpv4-sp/hard/crtbegin.o
 .text          0x00000000080001d0       0x30 /home/kbisland/Ac6/SystemWorkbench/plugins/fr.ac6.mcu.externaltools.arm-none.linux64_1.16.0.201807130628/tools/compiler/bin/../lib/gcc/arm-none-eabi/7.2.1/thumb/v7e-m/fpv4-sp/hard/libgcc.a(_aeabi_uldivmod.o)
                0x00000000080001d0                __aeabi_uldivmod
 .text          0x0000000008000200      0x2cc /home/kbisland/Ac6/SystemWorkbench/plugins/fr.ac6.mcu.externaltools.arm-none.linux64_1.16.0.201807130628/tools/compiler/bin/../lib/gcc/arm-none-eabi/7.2.1/thumb/v7e-m/fpv4-sp/hard/libgcc.a(_udivmoddi4.o)
                0x0000000008000200                __udivmoddi4
 .text          0x00000000080004cc        0x4 /home/kbisland/Ac6/SystemWorkbench/plugins/fr.ac6.mcu.externaltools.arm-none.linux64_1.16.0.201807130628/tools/compiler/bin/../lib/gcc/arm-none-eabi/7.2.1/thumb/v7e-m/fpv4-sp/hard/libgcc.a(_dvmd_tls.o)
                0x00000000080004cc                __aeabi_ldiv0
                0x00000000080004cc                __aeabi_idiv0
 .text          0x00000000080004d0       0xa0 /home/kbisland/Ac6/SystemWorkbench/plugins/fr.ac6.mcu.externaltools.arm-none.linux64_1.16.0.201807130628/tools/compiler/bin/../lib/gcc/arm-none-eabi/7.2.1/../../../../arm-none-eabi/lib/thumb/v7e-m/fpv4-sp/hard/libc_nano.a(lib_a-memchr.o)
                0x00000000080004d0                memchr
 *(.text*)
 .text.Reset_Handler
                0x0000000008000570       0x50 Application/SW4STM32/startup_stm32l431xx.o
                0x0000000008000570                Reset_Handler
 .text.Default_Handler
                0x00000000080005c0        0x2 Application/SW4STM32/startup_stm32l431xx.o
                0x00000000080005c0                RTC_Alarm_IRQHandler
                0x00000000080005c0                EXTI2_IRQHandler
                0x00000000080005c0                TIM1_CC_IRQHandler
                0x00000000080005c0                TSC_IRQHandler
                0x00000000080005c0                TAMP_STAMP_IRQHandler
                0x00000000080005c0                EXTI3_IRQHandler
                0x00000000080005c0                LPTIM2_IRQHandler
                0x00000000080005c0                I2C3_ER_IRQHandler
                0x00000000080005c0                I2C2_EV_IRQHandler
                0x00000000080005c0                CAN1_RX0_IRQHandler
                0x00000000080005c0                FPU_IRQHandler
                0x00000000080005c0                TIM1_UP_TIM16_IRQHandler
                0x00000000080005c0                TIM6_DAC_IRQHandler
                0x00000000080005c0                DMA2_Channel2_IRQHandler
                0x00000000080005c0                DMA1_Channel4_IRQHandler
                0x00000000080005c0                USART3_IRQHandler
                0x00000000080005c0                DMA1_Channel7_IRQHandler
                0x00000000080005c0                CAN1_RX1_IRQHandler
                0x00000000080005c0                DMA2_Channel1_IRQHandler
                0x00000000080005c0                QUADSPI_IRQHandler
                0x00000000080005c0                DMA1_Channel6_IRQHandler
                0x00000000080005c0                DMA2_Channel4_IRQHandler
                0x00000000080005c0                RCC_IRQHandler
                0x00000000080005c0                TIM1_TRG_COM_IRQHandler
                0x00000000080005c0                Default_Handler
                0x00000000080005c0                DMA2_Channel7_IRQHandler
                0x00000000080005c0                EXTI15_10_IRQHandler
                0x00000000080005c0                SDMMC1_IRQHandler
                0x00000000080005c0                I2C3_EV_IRQHandler
                0x00000000080005c0                EXTI9_5_IRQHandler
                0x00000000080005c0                RTC_WKUP_IRQHandler
                0x00000000080005c0                PVD_PVM_IRQHandler
                0x00000000080005c0                SPI2_IRQHandler
                0x00000000080005c0                CAN1_TX_IRQHandler
                0x00000000080005c0                DMA2_Channel5_IRQHandler
                0x00000000080005c0                CRS_IRQHandler
                0x00000000080005c0                DMA1_Channel5_IRQHandler
                0x00000000080005c0                RNG_IRQHandler
                0x00000000080005c0                COMP_IRQHandler
                0x00000000080005c0                WWDG_IRQHandler
                0x00000000080005c0                LPUART1_IRQHandler
                0x00000000080005c0                DMA2_Channel6_IRQHandler
                0x00000000080005c0                TIM2_IRQHandler
                0x00000000080005c0                EXTI1_IRQHandler
                0x00000000080005c0                USART2_IRQHandler
                0x00000000080005c0                I2C2_ER_IRQHandler
                0x00000000080005c0                CAN1_SCE_IRQHandler
                0x00000000080005c0                FLASH_IRQHandler
                0x00000000080005c0                SPI3_IRQHandler
                0x00000000080005c0                SWPMI1_IRQHandler
                0x00000000080005c0                LPTIM1_IRQHandler
                0x00000000080005c0                SAI1_IRQHandler
                0x00000000080005c0                DMA2_Channel3_IRQHandler
                0x00000000080005c0                TIM1_BRK_TIM15_IRQHandler
 *fill*         0x00000000080005c2        0x2 
 .text.MX_GPIO_Init
                0x00000000080005c4       0xc8 Application/User/Core/main.o
 .text.MX_DMA_Init
                0x000000000800068c       0x54 Application/User/Core/main.o
 .text.MX_NVIC_Init
                0x00000000080006e0       0x24 Application/User/Core/main.o
 .text.initCharger
                0x0000000008000704       0x44 Application/User/Core/main.o
                0x0000000008000704                initCharger
 .text._Error_Handler
                0x0000000008000748        0x2 Application/User/Core/main.o
                0x0000000008000748                _Error_Handler
 *fill*         0x000000000800074a        0x2 
 .text.MX_SPI1_Init
                0x000000000800074c       0x4c Application/User/Core/main.o
 .text.MX_I2C1_SMBUS_Init
                0x0000000008000798       0x54 Application/User/Core/main.o
 .text.MX_USART1_UART_Init
                0x00000000080007ec       0x40 Application/User/Core/main.o
 .text.MX_TIM7_Init
                0x000000000800082c       0x50 Application/User/Core/main.o
 .text.MX_ADC1_Init
                0x000000000800087c       0x84 Application/User/Core/main.o
 .text.SystemClock_Config
                0x0000000008000900       0xe4 Application/User/Core/main.o
                0x0000000008000900                SystemClock_Config
 .text.main     0x00000000080009e4       0x46 Application/User/Core/main.o
                0x00000000080009e4                main
 *fill*         0x0000000008000a2a        0x2 
 .text.HAL_MspInit
                0x0000000008000a2c       0x90 Application/User/Core/stm32l4xx_hal_msp.o
                0x0000000008000a2c                HAL_MspInit
 .text.HAL_ADC_MspInit
                0x0000000008000abc       0x9c Application/User/Core/stm32l4xx_hal_msp.o
                0x0000000008000abc                HAL_ADC_MspInit
 .text.HAL_SMBUS_MspInit
                0x0000000008000b58       0x74 Application/User/Core/stm32l4xx_hal_msp.o
                0x0000000008000b58                HAL_SMBUS_MspInit
 .text.HAL_SPI_MspInit
                0x0000000008000bcc       0xe8 Application/User/Core/stm32l4xx_hal_msp.o
                0x0000000008000bcc                HAL_SPI_MspInit
 .text.HAL_TIM_Base_MspInit
                0x0000000008000cb4       0x40 Application/User/Core/stm32l4xx_hal_msp.o
                0x0000000008000cb4                HAL_TIM_Base_MspInit
 .text.HAL_UART_MspInit
                0x0000000008000cf4       0x5c Application/User/Core/stm32l4xx_hal_msp.o
                0x0000000008000cf4                HAL_UART_MspInit
 .text.NMI_Handler
                0x0000000008000d50        0x2 Application/User/Core/stm32l4xx_it.o
                0x0000000008000d50                NMI_Handler
 .text.HardFault_Handler
                0x0000000008000d52        0x2 Application/User/Core/stm32l4xx_it.o
                0x0000000008000d52                HardFault_Handler
 .text.MemManage_Handler
                0x0000000008000d54        0x2 Application/User/Core/stm32l4xx_it.o
                0x0000000008000d54                MemManage_Handler
 .text.BusFault_Handler
                0x0000000008000d56        0x2 Application/User/Core/stm32l4xx_it.o
                0x0000000008000d56                BusFault_Handler
 .text.UsageFault_Handler
                0x0000000008000d58        0x2 Application/User/Core/stm32l4xx_it.o
                0x0000000008000d58                UsageFault_Handler
 .text.SVC_Handler
                0x0000000008000d5a        0x2 Application/User/Core/stm32l4xx_it.o
                0x0000000008000d5a                SVC_Handler
 .text.DebugMon_Handler
                0x0000000008000d5c        0x2 Application/User/Core/stm32l4xx_it.o
                0x0000000008000d5c                DebugMon_Handler
 .text.PendSV_Handler
                0x0000000008000d5e        0x2 Application/User/Core/stm32l4xx_it.o
                0x0000000008000d5e                PendSV_Handler
 .text.SysTick_Handler
                0x0000000008000d60        0xc Application/User/Core/stm32l4xx_it.o
                0x0000000008000d60                SysTick_Handler
 .text.EXTI0_IRQHandler
                0x0000000008000d6c        0xa Application/User/Core/stm32l4xx_it.o
                0x0000000008000d6c                EXTI0_IRQHandler
 .text.EXTI4_IRQHandler
                0x0000000008000d76        0xa Application/User/Core/stm32l4xx_it.o
                0x0000000008000d76                EXTI4_IRQHandler
 .text.DMA1_Channel1_IRQHandler
                0x0000000008000d80       0x10 Application/User/Core/stm32l4xx_it.o
                0x0000000008000d80                DMA1_Channel1_IRQHandler
 .text.DMA1_Channel2_IRQHandler
                0x0000000008000d90       0x10 Application/User/Core/stm32l4xx_it.o
                0x0000000008000d90                DMA1_Channel2_IRQHandler
 .text.DMA1_Channel3_IRQHandler
                0x0000000008000da0       0x10 Application/User/Core/stm32l4xx_it.o
                0x0000000008000da0                DMA1_Channel3_IRQHandler
 .text.ADC1_IRQHandler
                0x0000000008000db0       0x10 Application/User/Core/stm32l4xx_it.o
                0x0000000008000db0                ADC1_IRQHandler
 .text.I2C1_EV_IRQHandler
                0x0000000008000dc0       0x10 Application/User/Core/stm32l4xx_it.o
                0x0000000008000dc0                I2C1_EV_IRQHandler
 .text.I2C1_ER_IRQHandler
                0x0000000008000dd0       0x10 Application/User/Core/stm32l4xx_it.o
                0x0000000008000dd0                I2C1_ER_IRQHandler
 .text.SPI1_IRQHandler
                0x0000000008000de0       0x10 Application/User/Core/stm32l4xx_it.o
                0x0000000008000de0                SPI1_IRQHandler
 .text.USART1_IRQHandler
                0x0000000008000df0       0x10 Application/User/Core/stm32l4xx_it.o
                0x0000000008000df0                USART1_IRQHandler
 .text.TIM7_IRQHandler
                0x0000000008000e00       0x10 Application/User/Core/stm32l4xx_it.o
                0x0000000008000e00                TIM7_IRQHandler
 .text.SystemInit
                0x0000000008000e10       0x48 Drivers/CMSIS/system_stm32l4xx.o
                0x0000000008000e10                SystemInit
 .text.HAL_InitTick
                0x0000000008000e58       0x34 Drivers/STM32L4xx_HAL_Driver/stm32l4xx_hal.o
                0x0000000008000e58                HAL_InitTick
 .text.HAL_Init
                0x0000000008000e8c       0x1e Drivers/STM32L4xx_HAL_Driver/stm32l4xx_hal.o
                0x0000000008000e8c                HAL_Init
 *fill*         0x0000000008000eaa        0x2 
 .text.HAL_IncTick
                0x0000000008000eac       0x10 Drivers/STM32L4xx_HAL_Driver/stm32l4xx_hal.o
                0x0000000008000eac                HAL_IncTick
 .text.HAL_GetTick
                0x0000000008000ebc        0xc Drivers/STM32L4xx_HAL_Driver/stm32l4xx_hal.o
                0x0000000008000ebc                HAL_GetTick
 .text.HAL_Delay
                0x0000000008000ec8       0x1e Drivers/STM32L4xx_HAL_Driver/stm32l4xx_hal.o
                0x0000000008000ec8                HAL_Delay
 *fill*         0x0000000008000ee6        0x2 
 .text.HAL_ADC_Init
                0x0000000008000ee8      0x1e4 Drivers/STM32L4xx_HAL_Driver/stm32l4xx_hal_adc.o
                0x0000000008000ee8                HAL_ADC_Init
 .text.HAL_ADC_ConvCpltCallback
                0x00000000080010cc        0x2 Drivers/STM32L4xx_HAL_Driver/stm32l4xx_hal_adc.o
                0x00000000080010cc                HAL_ADC_ConvCpltCallback
 .text.HAL_ADC_LevelOutOfWindowCallback
                0x00000000080010ce        0x2 Drivers/STM32L4xx_HAL_Driver/stm32l4xx_hal_adc.o
                0x00000000080010ce                HAL_ADC_LevelOutOfWindowCallback
 .text.HAL_ADC_ErrorCallback
                0x00000000080010d0        0x2 Drivers/STM32L4xx_HAL_Driver/stm32l4xx_hal_adc.o
                0x00000000080010d0                HAL_ADC_ErrorCallback
 .text.HAL_ADC_IRQHandler
                0x00000000080010d2      0x234 Drivers/STM32L4xx_HAL_Driver/stm32l4xx_hal_adc.o
                0x00000000080010d2                HAL_ADC_IRQHandler
 *fill*         0x0000000008001306        0x2 
 .text.HAL_ADC_ConfigChannel
                0x0000000008001308      0x430 Drivers/STM32L4xx_HAL_Driver/stm32l4xx_hal_adc.o
                0x0000000008001308                HAL_ADC_ConfigChannel
 .text.HAL_ADCEx_InjectedConvCpltCallback
                0x0000000008001738        0x2 Drivers/STM32L4xx_HAL_Driver/stm32l4xx_hal_adc_ex.o
                0x0000000008001738                HAL_ADCEx_InjectedConvCpltCallback
 .text.HAL_ADCEx_InjectedQueueOverflowCallback
                0x000000000800173a        0x2 Drivers/STM32L4xx_HAL_Driver/stm32l4xx_hal_adc_ex.o
                0x000000000800173a                HAL_ADCEx_InjectedQueueOverflowCallback
 .text.HAL_ADCEx_LevelOutOfWindow2Callback
                0x000000000800173c        0x2 Drivers/STM32L4xx_HAL_Driver/stm32l4xx_hal_adc_ex.o
                0x000000000800173c                HAL_ADCEx_LevelOutOfWindow2Callback
 .text.HAL_ADCEx_LevelOutOfWindow3Callback
                0x000000000800173e        0x2 Drivers/STM32L4xx_HAL_Driver/stm32l4xx_hal_adc_ex.o
                0x000000000800173e                HAL_ADCEx_LevelOutOfWindow3Callback
 .text.HAL_ADCEx_EndOfSamplingCallback
                0x0000000008001740        0x2 Drivers/STM32L4xx_HAL_Driver/stm32l4xx_hal_adc_ex.o
                0x0000000008001740                HAL_ADCEx_EndOfSamplingCallback
 *fill*         0x0000000008001742        0x2 
 .text.HAL_NVIC_SetPriorityGrouping
                0x0000000008001744       0x24 Drivers/STM32L4xx_HAL_Driver/stm32l4xx_hal_cortex.o
                0x0000000008001744                HAL_NVIC_SetPriorityGrouping
 .text.HAL_NVIC_SetPriority
                0x0000000008001768       0x68 Drivers/STM32L4xx_HAL_Driver/stm32l4xx_hal_cortex.o
                0x0000000008001768                HAL_NVIC_SetPriority
 .text.HAL_NVIC_EnableIRQ
                0x00000000080017d0       0x18 Drivers/STM32L4xx_HAL_Driver/stm32l4xx_hal_cortex.o
                0x00000000080017d0                HAL_NVIC_EnableIRQ
 .text.HAL_SYSTICK_Config
                0x00000000080017e8       0x2c Drivers/STM32L4xx_HAL_Driver/stm32l4xx_hal_cortex.o
                0x00000000080017e8                HAL_SYSTICK_Config
 .text.HAL_SYSTICK_CLKSourceConfig
                0x0000000008001814       0x20 Drivers/STM32L4xx_HAL_Driver/stm32l4xx_hal_cortex.o
                0x0000000008001814                HAL_SYSTICK_CLKSourceConfig
 .text.HAL_SYSTICK_Callback
                0x0000000008001834        0x2 Drivers/STM32L4xx_HAL_Driver/stm32l4xx_hal_cortex.o
                0x0000000008001834                HAL_SYSTICK_Callback
 .text.HAL_SYSTICK_IRQHandler
                0x0000000008001836        0x8 Drivers/STM32L4xx_HAL_Driver/stm32l4xx_hal_cortex.o
                0x0000000008001836                HAL_SYSTICK_IRQHandler
 *fill*         0x000000000800183e        0x2 
 .text.HAL_DMA_Init
                0x0000000008001840       0xf8 Drivers/STM32L4xx_HAL_Driver/stm32l4xx_hal_dma.o
                0x0000000008001840                HAL_DMA_Init
 .text.HAL_DMA_Abort_IT
                0x0000000008001938       0x50 Drivers/STM32L4xx_HAL_Driver/stm32l4xx_hal_dma.o
                0x0000000008001938                HAL_DMA_Abort_IT
 .text.HAL_DMA_IRQHandler
                0x0000000008001988       0xc4 Drivers/STM32L4xx_HAL_Driver/stm32l4xx_hal_dma.o
                0x0000000008001988                HAL_DMA_IRQHandler
 .text.HAL_GPIO_Init
                0x0000000008001a4c      0x194 Drivers/STM32L4xx_HAL_Driver/stm32l4xx_hal_gpio.o
                0x0000000008001a4c                HAL_GPIO_Init
 .text.HAL_GPIO_WritePin
                0x0000000008001be0        0xa Drivers/STM32L4xx_HAL_Driver/stm32l4xx_hal_gpio.o
                0x0000000008001be0                HAL_GPIO_WritePin
 .text.HAL_GPIO_EXTI_Callback
                0x0000000008001bea        0x2 Drivers/STM32L4xx_HAL_Driver/stm32l4xx_hal_gpio.o
                0x0000000008001bea                HAL_GPIO_EXTI_Callback
 .text.HAL_GPIO_EXTI_IRQHandler
                0x0000000008001bec       0x1c Drivers/STM32L4xx_HAL_Driver/stm32l4xx_hal_gpio.o
                0x0000000008001bec                HAL_GPIO_EXTI_IRQHandler
 .text.HAL_PWREx_GetVoltageRange
                0x0000000008001c08       0x10 Drivers/STM32L4xx_HAL_Driver/stm32l4xx_hal_pwr_ex.o
                0x0000000008001c08                HAL_PWREx_GetVoltageRange
 .text.HAL_PWREx_ControlVoltageScaling
                0x0000000008001c18       0x90 Drivers/STM32L4xx_HAL_Driver/stm32l4xx_hal_pwr_ex.o
                0x0000000008001c18                HAL_PWREx_ControlVoltageScaling
 .text.RCC_SetFlashLatencyFromMSIRange
                0x0000000008001ca8       0x90 Drivers/STM32L4xx_HAL_Driver/stm32l4xx_hal_rcc.o
 .text.HAL_RCC_GetSysClockFreq
                0x0000000008001d38       0xd8 Drivers/STM32L4xx_HAL_Driver/stm32l4xx_hal_rcc.o
                0x0000000008001d38                HAL_RCC_GetSysClockFreq
 .text.HAL_RCC_OscConfig
                0x0000000008001e10      0x5b4 Drivers/STM32L4xx_HAL_Driver/stm32l4xx_hal_rcc.o
                0x0000000008001e10                HAL_RCC_OscConfig
 .text.HAL_RCC_ClockConfig
                0x00000000080023c4      0x154 Drivers/STM32L4xx_HAL_Driver/stm32l4xx_hal_rcc.o
                0x00000000080023c4                HAL_RCC_ClockConfig
 .text.HAL_RCC_GetHCLKFreq
                0x0000000008002518        0xc Drivers/STM32L4xx_HAL_Driver/stm32l4xx_hal_rcc.o
                0x0000000008002518                HAL_RCC_GetHCLKFreq
 .text.HAL_RCC_GetPCLK1Freq
                0x0000000008002524       0x24 Drivers/STM32L4xx_HAL_Driver/stm32l4xx_hal_rcc.o
                0x0000000008002524                HAL_RCC_GetPCLK1Freq
 .text.HAL_RCC_GetPCLK2Freq
                0x0000000008002548       0x24 Drivers/STM32L4xx_HAL_Driver/stm32l4xx_hal_rcc.o
                0x0000000008002548                HAL_RCC_GetPCLK2Freq
 .text.RCCEx_PLLSAI1_Config
                0x000000000800256c      0x16c Drivers/STM32L4xx_HAL_Driver/stm32l4xx_hal_rcc_ex.o
 .text.HAL_RCCEx_PeriphCLKConfig
                0x00000000080026d8      0x31c Drivers/STM32L4xx_HAL_Driver/stm32l4xx_hal_rcc_ex.o
                0x00000000080026d8                HAL_RCCEx_PeriphCLKConfig
 .text.SMBUS_Enable_IRQ
                0x00000000080029f4       0x40 Drivers/STM32L4xx_HAL_Driver/stm32l4xx_hal_smbus.o
 .text.SMBUS_Disable_IRQ
                0x0000000008002a34       0xa6 Drivers/STM32L4xx_HAL_Driver/stm32l4xx_hal_smbus.o
 .text.SMBUS_TransferConfig
                0x0000000008002ada       0x36 Drivers/STM32L4xx_HAL_Driver/stm32l4xx_hal_smbus.o
 .text.SMBUS_ConvertOtherXferOptions
                0x0000000008002b10       0x3e Drivers/STM32L4xx_HAL_Driver/stm32l4xx_hal_smbus.o
 .text.HAL_SMBUS_Init
                0x0000000008002b4e       0xec Drivers/STM32L4xx_HAL_Driver/stm32l4xx_hal_smbus.o
                0x0000000008002b4e                HAL_SMBUS_Init
 *fill*         0x0000000008002c3a        0x2 
 .text.HAL_SMBUS_Master_Transmit_IT
                0x0000000008002c3c       0xec Drivers/STM32L4xx_HAL_Driver/stm32l4xx_hal_smbus.o
                0x0000000008002c3c                HAL_SMBUS_Master_Transmit_IT
 .text.HAL_SMBUS_MasterTxCpltCallback
                0x0000000008002d28        0x2 Drivers/STM32L4xx_HAL_Driver/stm32l4xx_hal_smbus.o
                0x0000000008002d28                HAL_SMBUS_MasterTxCpltCallback
 .text.HAL_SMBUS_MasterRxCpltCallback
                0x0000000008002d2a        0x2 Drivers/STM32L4xx_HAL_Driver/stm32l4xx_hal_smbus.o
                0x0000000008002d2a                HAL_SMBUS_MasterRxCpltCallback
 .text.HAL_SMBUS_SlaveTxCpltCallback
                0x0000000008002d2c        0x2 Drivers/STM32L4xx_HAL_Driver/stm32l4xx_hal_smbus.o
                0x0000000008002d2c                HAL_SMBUS_SlaveTxCpltCallback
 .text.HAL_SMBUS_SlaveRxCpltCallback
                0x0000000008002d2e        0x2 Drivers/STM32L4xx_HAL_Driver/stm32l4xx_hal_smbus.o
                0x0000000008002d2e                HAL_SMBUS_SlaveRxCpltCallback
 .text.HAL_SMBUS_AddrCallback
                0x0000000008002d30        0x2 Drivers/STM32L4xx_HAL_Driver/stm32l4xx_hal_smbus.o
                0x0000000008002d30                HAL_SMBUS_AddrCallback
 .text.HAL_SMBUS_ListenCpltCallback
                0x0000000008002d32        0x2 Drivers/STM32L4xx_HAL_Driver/stm32l4xx_hal_smbus.o
                0x0000000008002d32                HAL_SMBUS_ListenCpltCallback
 .text.HAL_SMBUS_ErrorCallback
                0x0000000008002d34        0x2 Drivers/STM32L4xx_HAL_Driver/stm32l4xx_hal_smbus.o
                0x0000000008002d34                HAL_SMBUS_ErrorCallback
 .text.SMBUS_ITErrorHandler
                0x0000000008002d36       0xdc Drivers/STM32L4xx_HAL_Driver/stm32l4xx_hal_smbus.o
 .text.HAL_SMBUS_ER_IRQHandler
                0x0000000008002e12        0x8 Drivers/STM32L4xx_HAL_Driver/stm32l4xx_hal_smbus.o
                0x0000000008002e12                HAL_SMBUS_ER_IRQHandler
 .text.SMBUS_Master_ISR
                0x0000000008002e1a      0x294 Drivers/STM32L4xx_HAL_Driver/stm32l4xx_hal_smbus.o
 .text.SMBUS_Slave_ISR
                0x00000000080030ae      0x286 Drivers/STM32L4xx_HAL_Driver/stm32l4xx_hal_smbus.o
 .text.HAL_SMBUS_EV_IRQHandler
                0x0000000008003334       0xde Drivers/STM32L4xx_HAL_Driver/stm32l4xx_hal_smbus.o
                0x0000000008003334                HAL_SMBUS_EV_IRQHandler
 .text.HAL_SPI_Init
                0x0000000008003412       0xb0 Drivers/STM32L4xx_HAL_Driver/stm32l4xx_hal_spi.o
                0x0000000008003412                HAL_SPI_Init
 .text.HAL_SPI_ErrorCallback
                0x00000000080034c2        0x2 Drivers/STM32L4xx_HAL_Driver/stm32l4xx_hal_spi.o
                0x00000000080034c2                HAL_SPI_ErrorCallback
 .text.HAL_SPI_IRQHandler
                0x00000000080034c4      0x120 Drivers/STM32L4xx_HAL_Driver/stm32l4xx_hal_spi.o
                0x00000000080034c4                HAL_SPI_IRQHandler
 .text.SPI_DMAAbortOnError
                0x00000000080035e4       0x12 Drivers/STM32L4xx_HAL_Driver/stm32l4xx_hal_spi.o
 .text.HAL_TIM_PeriodElapsedCallback
                0x00000000080035f6        0x2 Drivers/STM32L4xx_HAL_Driver/stm32l4xx_hal_tim.o
                0x00000000080035f6                HAL_TIM_PeriodElapsedCallback
 .text.HAL_TIM_OC_DelayElapsedCallback
                0x00000000080035f8        0x2 Drivers/STM32L4xx_HAL_Driver/stm32l4xx_hal_tim.o
                0x00000000080035f8                HAL_TIM_OC_DelayElapsedCallback
 .text.HAL_TIM_IC_CaptureCallback
                0x00000000080035fa        0x2 Drivers/STM32L4xx_HAL_Driver/stm32l4xx_hal_tim.o
                0x00000000080035fa                HAL_TIM_IC_CaptureCallback
 .text.HAL_TIM_PWM_PulseFinishedCallback
                0x00000000080035fc        0x2 Drivers/STM32L4xx_HAL_Driver/stm32l4xx_hal_tim.o
                0x00000000080035fc                HAL_TIM_PWM_PulseFinishedCallback
 .text.HAL_TIM_TriggerCallback
                0x00000000080035fe        0x2 Drivers/STM32L4xx_HAL_Driver/stm32l4xx_hal_tim.o
                0x00000000080035fe                HAL_TIM_TriggerCallback
 .text.HAL_TIM_IRQHandler
                0x0000000008003600      0x19a Drivers/STM32L4xx_HAL_Driver/stm32l4xx_hal_tim.o
                0x0000000008003600                HAL_TIM_IRQHandler
 *fill*         0x000000000800379a        0x2 
 .text.TIM_Base_SetConfig
                0x000000000800379c       0x70 Drivers/STM32L4xx_HAL_Driver/stm32l4xx_hal_tim.o
                0x000000000800379c                TIM_Base_SetConfig
 .text.HAL_TIM_Base_Init
                0x000000000800380c       0x32 Drivers/STM32L4xx_HAL_Driver/stm32l4xx_hal_tim.o
                0x000000000800380c                HAL_TIM_Base_Init
 *fill*         0x000000000800383e        0x2 
 .text.HAL_TIMEx_MasterConfigSynchronization
                0x0000000008003840       0x5c Drivers/STM32L4xx_HAL_Driver/stm32l4xx_hal_tim_ex.o
                0x0000000008003840                HAL_TIMEx_MasterConfigSynchronization
 .text.HAL_TIMEx_CommutationCallback
                0x000000000800389c        0x2 Drivers/STM32L4xx_HAL_Driver/stm32l4xx_hal_tim_ex.o
                0x000000000800389c                HAL_TIMEx_CommutationCallback
 .text.HAL_TIMEx_BreakCallback
                0x000000000800389e        0x2 Drivers/STM32L4xx_HAL_Driver/stm32l4xx_hal_tim_ex.o
                0x000000000800389e                HAL_TIMEx_BreakCallback
 .text.HAL_TIMEx_Break2Callback
                0x00000000080038a0        0x2 Drivers/STM32L4xx_HAL_Driver/stm32l4xx_hal_tim_ex.o
                0x00000000080038a0                HAL_TIMEx_Break2Callback
 .text.UART_EndRxTransfer
                0x00000000080038a2       0x20 Drivers/STM32L4xx_HAL_Driver/stm32l4xx_hal_uart.o
 .text.HAL_UART_TxCpltCallback
                0x00000000080038c2        0x2 Drivers/STM32L4xx_HAL_Driver/stm32l4xx_hal_uart.o
                0x00000000080038c2                HAL_UART_TxCpltCallback
 .text.UART_EndTransmit_IT
                0x00000000080038c4       0x1c Drivers/STM32L4xx_HAL_Driver/stm32l4xx_hal_uart.o
 .text.HAL_UART_ErrorCallback
                0x00000000080038e0        0x2 Drivers/STM32L4xx_HAL_Driver/stm32l4xx_hal_uart.o
                0x00000000080038e0                HAL_UART_ErrorCallback
 *fill*         0x00000000080038e2        0x2 
 .text.HAL_UART_IRQHandler
                0x00000000080038e4      0x15c Drivers/STM32L4xx_HAL_Driver/stm32l4xx_hal_uart.o
                0x00000000080038e4                HAL_UART_IRQHandler
 .text.UART_DMAAbortOnError
                0x0000000008003a40       0x14 Drivers/STM32L4xx_HAL_Driver/stm32l4xx_hal_uart.o
 .text.UART_SetConfig
                0x0000000008003a54      0x3a8 Drivers/STM32L4xx_HAL_Driver/stm32l4xx_hal_uart.o
                0x0000000008003a54                UART_SetConfig
 .text.UART_AdvFeatureConfig
                0x0000000008003dfc       0xca Drivers/STM32L4xx_HAL_Driver/stm32l4xx_hal_uart.o
                0x0000000008003dfc                UART_AdvFeatureConfig
 .text.UART_WaitOnFlagUntilTimeout
                0x0000000008003ec6       0x62 Drivers/STM32L4xx_HAL_Driver/stm32l4xx_hal_uart.o
                0x0000000008003ec6                UART_WaitOnFlagUntilTimeout
 .text.UART_CheckIdleState
                0x0000000008003f28       0x70 Drivers/STM32L4xx_HAL_Driver/stm32l4xx_hal_uart.o
                0x0000000008003f28                UART_CheckIdleState
 .text.HAL_UART_Init
                0x0000000008003f98       0x66 Drivers/STM32L4xx_HAL_Driver/stm32l4xx_hal_uart.o
                0x0000000008003f98                HAL_UART_Init
 .text.HAL_UARTEx_WakeupCallback
                0x0000000008003ffe        0x2 Drivers/STM32L4xx_HAL_Driver/stm32l4xx_hal_uart_ex.o
                0x0000000008003ffe                HAL_UARTEx_WakeupCallback
 .text.__libc_init_array
                0x0000000008004000       0x48 /home/kbisland/Ac6/SystemWorkbench/plugins/fr.ac6.mcu.externaltools.arm-none.linux64_1.16.0.201807130628/tools/compiler/bin/../lib/gcc/arm-none-eabi/7.2.1/../../../../arm-none-eabi/lib/thumb/v7e-m/fpv4-sp/hard/libc_nano.a(lib_a-init.o)
                0x0000000008004000                __libc_init_array
 .text.memset   0x0000000008004048       0x10 /home/kbisland/Ac6/SystemWorkbench/plugins/fr.ac6.mcu.externaltools.arm-none.linux64_1.16.0.201807130628/tools/compiler/bin/../lib/gcc/arm-none-eabi/7.2.1/../../../../arm-none-eabi/lib/thumb/v7e-m/fpv4-sp/hard/libc_nano.a(lib_a-memset.o)
                0x0000000008004048                memset
 .text.printf   0x0000000008004058       0x30 /home/kbisland/Ac6/SystemWorkbench/plugins/fr.ac6.mcu.externaltools.arm-none.linux64_1.16.0.201807130628/tools/compiler/bin/../lib/gcc/arm-none-eabi/7.2.1/../../../../arm-none-eabi/lib/thumb/v7e-m/fpv4-sp/hard/libc_nano.a(lib_a-printf.o)
                0x0000000008004058                printf
                0x0000000008004058                iprintf
 .text.std      0x0000000008004088       0x48 /home/kbisland/Ac6/SystemWorkbench/plugins/fr.ac6.mcu.externaltools.arm-none.linux64_1.16.0.201807130628/tools/compiler/bin/../lib/gcc/arm-none-eabi/7.2.1/../../../../arm-none-eabi/lib/thumb/v7e-m/fpv4-sp/hard/libc_nano.a(lib_a-findfp.o)
 .text._cleanup_r
                0x00000000080040d0        0xc /home/kbisland/Ac6/SystemWorkbench/plugins/fr.ac6.mcu.externaltools.arm-none.linux64_1.16.0.201807130628/tools/compiler/bin/../lib/gcc/arm-none-eabi/7.2.1/../../../../arm-none-eabi/lib/thumb/v7e-m/fpv4-sp/hard/libc_nano.a(lib_a-findfp.o)
                0x00000000080040d0                _cleanup_r
 .text.__sfmoreglue
                0x00000000080040dc       0x2c /home/kbisland/Ac6/SystemWorkbench/plugins/fr.ac6.mcu.externaltools.arm-none.linux64_1.16.0.201807130628/tools/compiler/bin/../lib/gcc/arm-none-eabi/7.2.1/../../../../arm-none-eabi/lib/thumb/v7e-m/fpv4-sp/hard/libc_nano.a(lib_a-findfp.o)
                0x00000000080040dc                __sfmoreglue
 .text.__sinit  0x0000000008004108       0x60 /home/kbisland/Ac6/SystemWorkbench/plugins/fr.ac6.mcu.externaltools.arm-none.linux64_1.16.0.201807130628/tools/compiler/bin/../lib/gcc/arm-none-eabi/7.2.1/../../../../arm-none-eabi/lib/thumb/v7e-m/fpv4-sp/hard/libc_nano.a(lib_a-findfp.o)
                0x0000000008004108                __sinit
 .text.__sfp    0x0000000008004168       0x78 /home/kbisland/Ac6/SystemWorkbench/plugins/fr.ac6.mcu.externaltools.arm-none.linux64_1.16.0.201807130628/tools/compiler/bin/../lib/gcc/arm-none-eabi/7.2.1/../../../../arm-none-eabi/lib/thumb/v7e-m/fpv4-sp/hard/libc_nano.a(lib_a-findfp.o)
                0x0000000008004168                __sfp
 .text._fwalk_reent
                0x00000000080041e0       0x3c /home/kbisland/Ac6/SystemWorkbench/plugins/fr.ac6.mcu.externaltools.arm-none.linux64_1.16.0.201807130628/tools/compiler/bin/../lib/gcc/arm-none-eabi/7.2.1/../../../../arm-none-eabi/lib/thumb/v7e-m/fpv4-sp/hard/libc_nano.a(lib_a-fwalk.o)
                0x00000000080041e0                _fwalk_reent
 .text._malloc_r
                0x000000000800421c       0xb4 /home/kbisland/Ac6/SystemWorkbench/plugins/fr.ac6.mcu.externaltools.arm-none.linux64_1.16.0.201807130628/tools/compiler/bin/../lib/gcc/arm-none-eabi/7.2.1/../../../../arm-none-eabi/lib/thumb/v7e-m/fpv4-sp/hard/libc_nano.a(lib_a-nano-mallocr.o)
                0x000000000800421c                _malloc_r
 .text.__sfputc_r
                0x00000000080042d0       0x2e /home/kbisland/Ac6/SystemWorkbench/plugins/fr.ac6.mcu.externaltools.arm-none.linux64_1.16.0.201807130628/tools/compiler/bin/../lib/gcc/arm-none-eabi/7.2.1/../../../../arm-none-eabi/lib/thumb/v7e-m/fpv4-sp/hard/libc_nano.a(lib_a-nano-vfprintf.o)
 .text.__sfputs_r
                0x00000000080042fe       0x24 /home/kbisland/Ac6/SystemWorkbench/plugins/fr.ac6.mcu.externaltools.arm-none.linux64_1.16.0.201807130628/tools/compiler/bin/../lib/gcc/arm-none-eabi/7.2.1/../../../../arm-none-eabi/lib/thumb/v7e-m/fpv4-sp/hard/libc_nano.a(lib_a-nano-vfprintf.o)
                0x00000000080042fe                __sfputs_r
 *fill*         0x0000000008004322        0x2 
 .text._vfprintf_r
                0x0000000008004324      0x228 /home/kbisland/Ac6/SystemWorkbench/plugins/fr.ac6.mcu.externaltools.arm-none.linux64_1.16.0.201807130628/tools/compiler/bin/../lib/gcc/arm-none-eabi/7.2.1/../../../../arm-none-eabi/lib/thumb/v7e-m/fpv4-sp/hard/libc_nano.a(lib_a-nano-vfprintf.o)
                0x0000000008004324                _vfiprintf_r
                0x0000000008004324                _vfprintf_r
 .text._printf_common
                0x000000000800454c       0xea /home/kbisland/Ac6/SystemWorkbench/plugins/fr.ac6.mcu.externaltools.arm-none.linux64_1.16.0.201807130628/tools/compiler/bin/../lib/gcc/arm-none-eabi/7.2.1/../../../../arm-none-eabi/lib/thumb/v7e-m/fpv4-sp/hard/libc_nano.a(lib_a-nano-vfprintf_i.o)
                0x000000000800454c                _printf_common
 *fill*         0x0000000008004636        0x2 
 .text._printf_i
                0x0000000008004638      0x224 /home/kbisland/Ac6/SystemWorkbench/plugins/fr.ac6.mcu.externaltools.arm-none.linux64_1.16.0.201807130628/tools/compiler/bin/../lib/gcc/arm-none-eabi/7.2.1/../../../../arm-none-eabi/lib/thumb/v7e-m/fpv4-sp/hard/libc_nano.a(lib_a-nano-vfprintf_i.o)
                0x0000000008004638                _printf_i
 .text._sbrk_r  0x000000000800485c       0x20 /home/kbisland/Ac6/SystemWorkbench/plugins/fr.ac6.mcu.externaltools.arm-none.linux64_1.16.0.201807130628/tools/compiler/bin/../lib/gcc/arm-none-eabi/7.2.1/../../../../arm-none-eabi/lib/thumb/v7e-m/fpv4-sp/hard/libc_nano.a(lib_a-sbrkr.o)
                0x000000000800485c                _sbrk_r
 .text.__sread  0x000000000800487c       0x22 /home/kbisland/Ac6/SystemWorkbench/plugins/fr.ac6.mcu.externaltools.arm-none.linux64_1.16.0.201807130628/tools/compiler/bin/../lib/gcc/arm-none-eabi/7.2.1/../../../../arm-none-eabi/lib/thumb/v7e-m/fpv4-sp/hard/libc_nano.a(lib_a-stdio.o)
                0x000000000800487c                __sread
 .text.__swrite
                0x000000000800489e       0x38 /home/kbisland/Ac6/SystemWorkbench/plugins/fr.ac6.mcu.externaltools.arm-none.linux64_1.16.0.201807130628/tools/compiler/bin/../lib/gcc/arm-none-eabi/7.2.1/../../../../arm-none-eabi/lib/thumb/v7e-m/fpv4-sp/hard/libc_nano.a(lib_a-stdio.o)
                0x000000000800489e                __swrite
 .text.__sseek  0x00000000080048d6       0x24 /home/kbisland/Ac6/SystemWorkbench/plugins/fr.ac6.mcu.externaltools.arm-none.linux64_1.16.0.201807130628/tools/compiler/bin/../lib/gcc/arm-none-eabi/7.2.1/../../../../arm-none-eabi/lib/thumb/v7e-m/fpv4-sp/hard/libc_nano.a(lib_a-stdio.o)
                0x00000000080048d6                __sseek
 .text.__sclose
                0x00000000080048fa        0x8 /home/kbisland/Ac6/SystemWorkbench/plugins/fr.ac6.mcu.externaltools.arm-none.linux64_1.16.0.201807130628/tools/compiler/bin/../lib/gcc/arm-none-eabi/7.2.1/../../../../arm-none-eabi/lib/thumb/v7e-m/fpv4-sp/hard/libc_nano.a(lib_a-stdio.o)
                0x00000000080048fa                __sclose
 *fill*         0x0000000008004902        0x2 
 .text.__swbuf_r
                0x0000000008004904       0xa4 /home/kbisland/Ac6/SystemWorkbench/plugins/fr.ac6.mcu.externaltools.arm-none.linux64_1.16.0.201807130628/tools/compiler/bin/../lib/gcc/arm-none-eabi/7.2.1/../../../../arm-none-eabi/lib/thumb/v7e-m/fpv4-sp/hard/libc_nano.a(lib_a-wbuf.o)
                0x0000000008004904                __swbuf_r
 .text._write_r
                0x00000000080049a8       0x24 /home/kbisland/Ac6/SystemWorkbench/plugins/fr.ac6.mcu.externaltools.arm-none.linux64_1.16.0.201807130628/tools/compiler/bin/../lib/gcc/arm-none-eabi/7.2.1/../../../../arm-none-eabi/lib/thumb/v7e-m/fpv4-sp/hard/libc_nano.a(lib_a-writer.o)
                0x00000000080049a8                _write_r
 .text.__swsetup_r
                0x00000000080049cc       0xdc /home/kbisland/Ac6/SystemWorkbench/plugins/fr.ac6.mcu.externaltools.arm-none.linux64_1.16.0.201807130628/tools/compiler/bin/../lib/gcc/arm-none-eabi/7.2.1/../../../../arm-none-eabi/lib/thumb/v7e-m/fpv4-sp/hard/libc_nano.a(lib_a-wsetup.o)
                0x00000000080049cc                __swsetup_r
 .text._close_r
                0x0000000008004aa8       0x20 /home/kbisland/Ac6/SystemWorkbench/plugins/fr.ac6.mcu.externaltools.arm-none.linux64_1.16.0.201807130628/tools/compiler/bin/../lib/gcc/arm-none-eabi/7.2.1/../../../../arm-none-eabi/lib/thumb/v7e-m/fpv4-sp/hard/libc_nano.a(lib_a-closer.o)
                0x0000000008004aa8                _close_r
 .text.__sflush_r
                0x0000000008004ac8      0x10c /home/kbisland/Ac6/SystemWorkbench/plugins/fr.ac6.mcu.externaltools.arm-none.linux64_1.16.0.201807130628/tools/compiler/bin/../lib/gcc/arm-none-eabi/7.2.1/../../../../arm-none-eabi/lib/thumb/v7e-m/fpv4-sp/hard/libc_nano.a(lib_a-fflush.o)
                0x0000000008004ac8                __sflush_r
 .text._fflush_r
                0x0000000008004bd4       0x54 /home/kbisland/Ac6/SystemWorkbench/plugins/fr.ac6.mcu.externaltools.arm-none.linux64_1.16.0.201807130628/tools/compiler/bin/../lib/gcc/arm-none-eabi/7.2.1/../../../../arm-none-eabi/lib/thumb/v7e-m/fpv4-sp/hard/libc_nano.a(lib_a-fflush.o)
                0x0000000008004bd4                _fflush_r
 .text._lseek_r
                0x0000000008004c28       0x24 /home/kbisland/Ac6/SystemWorkbench/plugins/fr.ac6.mcu.externaltools.arm-none.linux64_1.16.0.201807130628/tools/compiler/bin/../lib/gcc/arm-none-eabi/7.2.1/../../../../arm-none-eabi/lib/thumb/v7e-m/fpv4-sp/hard/libc_nano.a(lib_a-lseekr.o)
                0x0000000008004c28                _lseek_r
 .text.__swhatbuf_r
                0x0000000008004c4c       0x48 /home/kbisland/Ac6/SystemWorkbench/plugins/fr.ac6.mcu.externaltools.arm-none.linux64_1.16.0.201807130628/tools/compiler/bin/../lib/gcc/arm-none-eabi/7.2.1/../../../../arm-none-eabi/lib/thumb/v7e-m/fpv4-sp/hard/libc_nano.a(lib_a-makebuf.o)
                0x0000000008004c4c                __swhatbuf_r
 .text.__smakebuf_r
                0x0000000008004c94       0x80 /home/kbisland/Ac6/SystemWorkbench/plugins/fr.ac6.mcu.externaltools.arm-none.linux64_1.16.0.201807130628/tools/compiler/bin/../lib/gcc/arm-none-eabi/7.2.1/../../../../arm-none-eabi/lib/thumb/v7e-m/fpv4-sp/hard/libc_nano.a(lib_a-makebuf.o)
                0x0000000008004c94                __smakebuf_r
 .text.__malloc_lock
                0x0000000008004d14        0x2 /home/kbisland/Ac6/SystemWorkbench/plugins/fr.ac6.mcu.externaltools.arm-none.linux64_1.16.0.201807130628/tools/compiler/bin/../lib/gcc/arm-none-eabi/7.2.1/../../../../arm-none-eabi/lib/thumb/v7e-m/fpv4-sp/hard/libc_nano.a(lib_a-mlock.o)
                0x0000000008004d14                __malloc_lock
 .text.__malloc_unlock
                0x0000000008004d16        0x2 /home/kbisland/Ac6/SystemWorkbench/plugins/fr.ac6.mcu.externaltools.arm-none.linux64_1.16.0.201807130628/tools/compiler/bin/../lib/gcc/arm-none-eabi/7.2.1/../../../../arm-none-eabi/lib/thumb/v7e-m/fpv4-sp/hard/libc_nano.a(lib_a-mlock.o)
                0x0000000008004d16                __malloc_unlock
 .text._free_r  0x0000000008004d18       0x9c /home/kbisland/Ac6/SystemWorkbench/plugins/fr.ac6.mcu.externaltools.arm-none.linux64_1.16.0.201807130628/tools/compiler/bin/../lib/gcc/arm-none-eabi/7.2.1/../../../../arm-none-eabi/lib/thumb/v7e-m/fpv4-sp/hard/libc_nano.a(lib_a-nano-freer.o)
                0x0000000008004d18                _free_r
 .text._read_r  0x0000000008004db4       0x24 /home/kbisland/Ac6/SystemWorkbench/plugins/fr.ac6.mcu.externaltools.arm-none.linux64_1.16.0.201807130628/tools/compiler/bin/../lib/gcc/arm-none-eabi/7.2.1/../../../../arm-none-eabi/lib/thumb/v7e-m/fpv4-sp/hard/libc_nano.a(lib_a-readr.o)
                0x0000000008004db4                _read_r
 .text._fstat_r
                0x0000000008004dd8       0x24 /home/kbisland/Ac6/SystemWorkbench/plugins/fr.ac6.mcu.externaltools.arm-none.linux64_1.16.0.201807130628/tools/compiler/bin/../lib/gcc/arm-none-eabi/7.2.1/../../../../arm-none-eabi/lib/thumb/v7e-m/fpv4-sp/hard/libc_nano.a(lib_a-fstatr.o)
                0x0000000008004dd8                _fstat_r
 .text._isatty_r
                0x0000000008004dfc       0x20 /home/kbisland/Ac6/SystemWorkbench/plugins/fr.ac6.mcu.externaltools.arm-none.linux64_1.16.0.201807130628/tools/compiler/bin/../lib/gcc/arm-none-eabi/7.2.1/../../../../arm-none-eabi/lib/thumb/v7e-m/fpv4-sp/hard/libc_nano.a(lib_a-isattyr.o)
                0x0000000008004dfc                _isatty_r
 .text._close   0x0000000008004e1c       0x10 /home/kbisland/Ac6/SystemWorkbench/plugins/fr.ac6.mcu.externaltools.arm-none.linux64_1.16.0.201807130628/tools/compiler/bin/../lib/gcc/arm-none-eabi/7.2.1/../../../../arm-none-eabi/lib/thumb/v7e-m/fpv4-sp/hard/libnosys.a(close.o)
                0x0000000008004e1c                _close
 .text._fstat   0x0000000008004e2c       0x10 /home/kbisland/Ac6/SystemWorkbench/plugins/fr.ac6.mcu.externaltools.arm-none.linux64_1.16.0.201807130628/tools/compiler/bin/../lib/gcc/arm-none-eabi/7.2.1/../../../../arm-none-eabi/lib/thumb/v7e-m/fpv4-sp/hard/libnosys.a(fstat.o)
                0x0000000008004e2c                _fstat
 .text._isatty  0x0000000008004e3c       0x10 /home/kbisland/Ac6/SystemWorkbench/plugins/fr.ac6.mcu.externaltools.arm-none.linux64_1.16.0.201807130628/tools/compiler/bin/../lib/gcc/arm-none-eabi/7.2.1/../../../../arm-none-eabi/lib/thumb/v7e-m/fpv4-sp/hard/libnosys.a(isatty.o)
                0x0000000008004e3c                _isatty
 .text._lseek   0x0000000008004e4c       0x10 /home/kbisland/Ac6/SystemWorkbench/plugins/fr.ac6.mcu.externaltools.arm-none.linux64_1.16.0.201807130628/tools/compiler/bin/../lib/gcc/arm-none-eabi/7.2.1/../../../../arm-none-eabi/lib/thumb/v7e-m/fpv4-sp/hard/libnosys.a(lseek.o)
                0x0000000008004e4c                _lseek
 .text._read    0x0000000008004e5c       0x10 /home/kbisland/Ac6/SystemWorkbench/plugins/fr.ac6.mcu.externaltools.arm-none.linux64_1.16.0.201807130628/tools/compiler/bin/../lib/gcc/arm-none-eabi/7.2.1/../../../../arm-none-eabi/lib/thumb/v7e-m/fpv4-sp/hard/libnosys.a(read.o)
                0x0000000008004e5c                _read
 .text._sbrk    0x0000000008004e6c       0x1c /home/kbisland/Ac6/SystemWorkbench/plugins/fr.ac6.mcu.externaltools.arm-none.linux64_1.16.0.201807130628/tools/compiler/bin/../lib/gcc/arm-none-eabi/7.2.1/../../../../arm-none-eabi/lib/thumb/v7e-m/fpv4-sp/hard/libnosys.a(sbrk.o)
                0x0000000008004e6c                _sbrk
 .text._write   0x0000000008004e88       0x10 /home/kbisland/Ac6/SystemWorkbench/plugins/fr.ac6.mcu.externaltools.arm-none.linux64_1.16.0.201807130628/tools/compiler/bin/../lib/gcc/arm-none-eabi/7.2.1/../../../../arm-none-eabi/lib/thumb/v7e-m/fpv4-sp/hard/libnosys.a(write.o)
                0x0000000008004e88                _write
 *(.glue_7)
 .glue_7        0x0000000008004e98        0x0 linker stubs
 *(.glue_7t)
 .glue_7t       0x0000000008004e98        0x0 linker stubs
 *(.eh_frame)
 .eh_frame      0x0000000008004e98        0x0 /home/kbisland/Ac6/SystemWorkbench/plugins/fr.ac6.mcu.externaltools.arm-none.linux64_1.16.0.201807130628/tools/compiler/bin/../lib/gcc/arm-none-eabi/7.2.1/thumb/v7e-m/fpv4-sp/hard/crtbegin.o
 *(.init)
 .init          0x0000000008004e98        0x4 /home/kbisland/Ac6/SystemWorkbench/plugins/fr.ac6.mcu.externaltools.arm-none.linux64_1.16.0.201807130628/tools/compiler/bin/../lib/gcc/arm-none-eabi/7.2.1/thumb/v7e-m/fpv4-sp/hard/crti.o
                0x0000000008004e98                _init
 .init          0x0000000008004e9c        0x8 /home/kbisland/Ac6/SystemWorkbench/plugins/fr.ac6.mcu.externaltools.arm-none.linux64_1.16.0.201807130628/tools/compiler/bin/../lib/gcc/arm-none-eabi/7.2.1/thumb/v7e-m/fpv4-sp/hard/crtn.o
 *(.fini)
 .fini          0x0000000008004ea4        0x4 /home/kbisland/Ac6/SystemWorkbench/plugins/fr.ac6.mcu.externaltools.arm-none.linux64_1.16.0.201807130628/tools/compiler/bin/../lib/gcc/arm-none-eabi/7.2.1/thumb/v7e-m/fpv4-sp/hard/crti.o
                0x0000000008004ea4                _fini
 .fini          0x0000000008004ea8        0x8 /home/kbisland/Ac6/SystemWorkbench/plugins/fr.ac6.mcu.externaltools.arm-none.linux64_1.16.0.201807130628/tools/compiler/bin/../lib/gcc/arm-none-eabi/7.2.1/thumb/v7e-m/fpv4-sp/hard/crtn.o
                0x0000000008004eb0                . = ALIGN (0x8)
                0x0000000008004eb0                _etext = .

.vfp11_veneer   0x0000000008004eb0        0x0
 .vfp11_veneer  0x0000000008004eb0        0x0 linker stubs

.v4_bx          0x0000000008004eb0        0x0
 .v4_bx         0x0000000008004eb0        0x0 linker stubs

.iplt           0x0000000008004eb0        0x0
 .iplt          0x0000000008004eb0        0x0 /home/kbisland/Ac6/SystemWorkbench/plugins/fr.ac6.mcu.externaltools.arm-none.linux64_1.16.0.201807130628/tools/compiler/bin/../lib/gcc/arm-none-eabi/7.2.1/thumb/v7e-m/fpv4-sp/hard/crtbegin.o

.rodata         0x0000000008004eb0      0x150
                0x0000000008004eb0                . = ALIGN (0x8)
 *(.rodata)
 .rodata        0x0000000008004eb0       0x48 Drivers/CMSIS/system_stm32l4xx.o
                0x0000000008004eb0                MSIRangeTable
                0x0000000008004ee0                AHBPrescTable
                0x0000000008004ef0                APBPrescTable
 *(.rodata*)
 .rodata.str1.4
                0x0000000008004ef8       0x2f Application/User/Core/main.o
 *fill*         0x0000000008004f27        0x1 
 .rodata.str1.4
                0x0000000008004f28       0x3c Application/User/Core/stm32l4xx_hal_msp.o
 .rodata._global_impure_ptr
                0x0000000008004f64        0x4 /home/kbisland/Ac6/SystemWorkbench/plugins/fr.ac6.mcu.externaltools.arm-none.linux64_1.16.0.201807130628/tools/compiler/bin/../lib/gcc/arm-none-eabi/7.2.1/../../../../arm-none-eabi/lib/thumb/v7e-m/fpv4-sp/hard/libc_nano.a(lib_a-impure.o)
                0x0000000008004f64                _global_impure_ptr
 .rodata.__sf_fake_stderr
                0x0000000008004f68       0x20 /home/kbisland/Ac6/SystemWorkbench/plugins/fr.ac6.mcu.externaltools.arm-none.linux64_1.16.0.201807130628/tools/compiler/bin/../lib/gcc/arm-none-eabi/7.2.1/../../../../arm-none-eabi/lib/thumb/v7e-m/fpv4-sp/hard/libc_nano.a(lib_a-findfp.o)
                0x0000000008004f68                __sf_fake_stderr
 .rodata.__sf_fake_stdin
                0x0000000008004f88       0x20 /home/kbisland/Ac6/SystemWorkbench/plugins/fr.ac6.mcu.externaltools.arm-none.linux64_1.16.0.201807130628/tools/compiler/bin/../lib/gcc/arm-none-eabi/7.2.1/../../../../arm-none-eabi/lib/thumb/v7e-m/fpv4-sp/hard/libc_nano.a(lib_a-findfp.o)
                0x0000000008004f88                __sf_fake_stdin
 .rodata.__sf_fake_stdout
                0x0000000008004fa8       0x20 /home/kbisland/Ac6/SystemWorkbench/plugins/fr.ac6.mcu.externaltools.arm-none.linux64_1.16.0.201807130628/tools/compiler/bin/../lib/gcc/arm-none-eabi/7.2.1/../../../../arm-none-eabi/lib/thumb/v7e-m/fpv4-sp/hard/libc_nano.a(lib_a-findfp.o)
                0x0000000008004fa8                __sf_fake_stdout
 .rodata._vfprintf_r.str1.1
                0x0000000008004fc8       0x11 /home/kbisland/Ac6/SystemWorkbench/plugins/fr.ac6.mcu.externaltools.arm-none.linux64_1.16.0.201807130628/tools/compiler/bin/../lib/gcc/arm-none-eabi/7.2.1/../../../../arm-none-eabi/lib/thumb/v7e-m/fpv4-sp/hard/libc_nano.a(lib_a-nano-vfprintf.o)
 .rodata._printf_i.str1.1
                0x0000000008004fd9       0x22 /home/kbisland/Ac6/SystemWorkbench/plugins/fr.ac6.mcu.externaltools.arm-none.linux64_1.16.0.201807130628/tools/compiler/bin/../lib/gcc/arm-none-eabi/7.2.1/../../../../arm-none-eabi/lib/thumb/v7e-m/fpv4-sp/hard/libc_nano.a(lib_a-nano-vfprintf_i.o)
                0x0000000008005000                . = ALIGN (0x8)
 *fill*         0x0000000008004ffb        0x5 

.ARM.extab      0x0000000008005000        0x0
                0x0000000008005000                . = ALIGN (0x8)
 *(.ARM.extab* .gnu.linkonce.armextab.*)
                0x0000000008005000                . = ALIGN (0x8)

.ARM            0x0000000008005000        0x8
                0x0000000008005000                . = ALIGN (0x8)
                0x0000000008005000                __exidx_start = .
 *(.ARM.exidx*)
 .ARM.exidx     0x0000000008005000        0x8 /home/kbisland/Ac6/SystemWorkbench/plugins/fr.ac6.mcu.externaltools.arm-none.linux64_1.16.0.201807130628/tools/compiler/bin/../lib/gcc/arm-none-eabi/7.2.1/thumb/v7e-m/fpv4-sp/hard/libgcc.a(_udivmoddi4.o)
                0x0000000008005008                __exidx_end = .
                0x0000000008005008                . = ALIGN (0x8)

.rel.dyn        0x0000000008005008        0x0
 .rel.iplt      0x0000000008005008        0x0 /home/kbisland/Ac6/SystemWorkbench/plugins/fr.ac6.mcu.externaltools.arm-none.linux64_1.16.0.201807130628/tools/compiler/bin/../lib/gcc/arm-none-eabi/7.2.1/thumb/v7e-m/fpv4-sp/hard/crtbegin.o

.preinit_array  0x0000000008005008        0x0
                0x0000000008005008                . = ALIGN (0x8)
                0x0000000008005008                PROVIDE (__preinit_array_start, .)
 *(.preinit_array*)
                0x0000000008005008                PROVIDE (__preinit_array_end, .)
                0x0000000008005008                . = ALIGN (0x8)

.init_array     0x0000000008005008        0x8
                0x0000000008005008                . = ALIGN (0x8)
                0x0000000008005008                PROVIDE (__init_array_start, .)
 *(SORT_BY_NAME(.init_array.*))
 *(.init_array*)
 .init_array    0x0000000008005008        0x4 /home/kbisland/Ac6/SystemWorkbench/plugins/fr.ac6.mcu.externaltools.arm-none.linux64_1.16.0.201807130628/tools/compiler/bin/../lib/gcc/arm-none-eabi/7.2.1/thumb/v7e-m/fpv4-sp/hard/crtbegin.o
                0x000000000800500c                PROVIDE (__init_array_end, .)
                0x0000000008005010                . = ALIGN (0x8)
 *fill*         0x000000000800500c        0x4 

.fini_array     0x0000000008005010        0x8
                0x0000000008005010                . = ALIGN (0x8)
                [!provide]                        PROVIDE (__fini_array_start, .)
 *(SORT_BY_NAME(.fini_array.*))
 *(.fini_array*)
 .fini_array    0x0000000008005010        0x4 /home/kbisland/Ac6/SystemWorkbench/plugins/fr.ac6.mcu.externaltools.arm-none.linux64_1.16.0.201807130628/tools/compiler/bin/../lib/gcc/arm-none-eabi/7.2.1/thumb/v7e-m/fpv4-sp/hard/crtbegin.o
                [!provide]                        PROVIDE (__fini_array_end, .)
                0x0000000008005018                . = ALIGN (0x8)
 *fill*         0x0000000008005014        0x4 
                0x0000000008005018                _sidata = LOADADDR (.data)

.data           0x0000000020000000       0x80 load address 0x0000000008005018
                0x0000000020000000                . = ALIGN (0x8)
                0x0000000020000000                _sdata = .
 *(.data)
 .data          0x0000000020000000       0x13 Application/User/Core/main.o
                0x0000000020000000                setChargeVoltage
                0x0000000020000004                setInputCurrent
                0x0000000020000008                setMinSystemVoltage
                0x000000002000000c                setChargeCurrent
                0x0000000020000010                setChargeOptions
 *fill*         0x0000000020000013        0x1 
 .data          0x0000000020000014        0x4 Drivers/CMSIS/system_stm32l4xx.o
                0x0000000020000014                SystemCoreClock
 *(.data*)
 .data._impure_ptr
                0x0000000020000018        0x4 /home/kbisland/Ac6/SystemWorkbench/plugins/fr.ac6.mcu.externaltools.arm-none.linux64_1.16.0.201807130628/tools/compiler/bin/../lib/gcc/arm-none-eabi/7.2.1/../../../../arm-none-eabi/lib/thumb/v7e-m/fpv4-sp/hard/libc_nano.a(lib_a-impure.o)
                0x0000000020000018                _impure_ptr
 .data.impure_data
                0x000000002000001c       0x60 /home/kbisland/Ac6/SystemWorkbench/plugins/fr.ac6.mcu.externaltools.arm-none.linux64_1.16.0.201807130628/tools/compiler/bin/../lib/gcc/arm-none-eabi/7.2.1/../../../../arm-none-eabi/lib/thumb/v7e-m/fpv4-sp/hard/libc_nano.a(lib_a-impure.o)
                0x0000000020000080                . = ALIGN (0x8)
 *fill*         0x000000002000007c        0x4 
                0x0000000020000080                _edata = .

.igot.plt       0x0000000020000080        0x0 load address 0x0000000008005098
 .igot.plt      0x0000000020000080        0x0 /home/kbisland/Ac6/SystemWorkbench/plugins/fr.ac6.mcu.externaltools.arm-none.linux64_1.16.0.201807130628/tools/compiler/bin/../lib/gcc/arm-none-eabi/7.2.1/thumb/v7e-m/fpv4-sp/hard/crtbegin.o
                0x0000000020000080                . = ALIGN (0x4)

.bss            0x0000000020000080      0x318 load address 0x0000000008005098
                0x0000000020000080                _sbss = .
                0x0000000020000080                __bss_start__ = _sbss
 *(.bss)
 .bss           0x0000000020000080       0x1c /home/kbisland/Ac6/SystemWorkbench/plugins/fr.ac6.mcu.externaltools.arm-none.linux64_1.16.0.201807130628/tools/compiler/bin/../lib/gcc/arm-none-eabi/7.2.1/thumb/v7e-m/fpv4-sp/hard/crtbegin.o
 .bss           0x000000002000009c        0x8 Application/User/Core/main.o
                0x000000002000009c                i
                0x00000000200000a0                BattVoltage
                0x00000000200000a2                chargeCurrent
 *(.bss*)
 .bss.__malloc_free_list
                0x00000000200000a4        0x4 /home/kbisland/Ac6/SystemWorkbench/plugins/fr.ac6.mcu.externaltools.arm-none.linux64_1.16.0.201807130628/tools/compiler/bin/../lib/gcc/arm-none-eabi/7.2.1/../../../../arm-none-eabi/lib/thumb/v7e-m/fpv4-sp/hard/libc_nano.a(lib_a-nano-mallocr.o)
                0x00000000200000a4                __malloc_free_list
 .bss.__malloc_sbrk_start
                0x00000000200000a8        0x4 /home/kbisland/Ac6/SystemWorkbench/plugins/fr.ac6.mcu.externaltools.arm-none.linux64_1.16.0.201807130628/tools/compiler/bin/../lib/gcc/arm-none-eabi/7.2.1/../../../../arm-none-eabi/lib/thumb/v7e-m/fpv4-sp/hard/libc_nano.a(lib_a-nano-mallocr.o)
                0x00000000200000a8                __malloc_sbrk_start
 .bss.heap_end.5377
                0x00000000200000ac        0x4 /home/kbisland/Ac6/SystemWorkbench/plugins/fr.ac6.mcu.externaltools.arm-none.linux64_1.16.0.201807130628/tools/compiler/bin/../lib/gcc/arm-none-eabi/7.2.1/../../../../arm-none-eabi/lib/thumb/v7e-m/fpv4-sp/hard/libnosys.a(sbrk.o)
 *(COMMON)
 COMMON         0x00000000200000b0      0x2e0 Application/User/Core/main.o
                0x00000000200000b0                hadc1
                0x0000000020000114                huart1
                0x000000002000018c                hdma_adc1
                0x00000000200001d4                ADCData
                0x00000000200001f4                sConfig
                0x000000002000020c                hspi1
                0x0000000020000270                hsmbus1
                0x00000000200002c0                hdma_spi1_rx
                0x0000000020000308                htim7
                0x0000000020000348                hdma_spi1_tx
 COMMON         0x0000000020000390        0x4 Drivers/STM32L4xx_HAL_Driver/stm32l4xx_hal.o
                0x0000000020000390                uwTick
 COMMON         0x0000000020000394        0x4 /home/kbisland/Ac6/SystemWorkbench/plugins/fr.ac6.mcu.externaltools.arm-none.linux64_1.16.0.201807130628/tools/compiler/bin/../lib/gcc/arm-none-eabi/7.2.1/../../../../arm-none-eabi/lib/thumb/v7e-m/fpv4-sp/hard/libc_nano.a(lib_a-reent.o)
                0x0000000020000394                errno
                0x0000000020000398                . = ALIGN (0x4)
                0x0000000020000398                _ebss = .
                0x0000000020000398                __bss_end__ = _ebss

._user_heap_stack
                0x0000000020000398      0x600 load address 0x0000000008005098
                0x0000000020000398                . = ALIGN (0x8)
                0x0000000020000398                PROVIDE (end, .)
                [!provide]                        PROVIDE (_end, .)
                0x0000000020000598                . = (. + _Min_Heap_Size)
 *fill*         0x0000000020000398      0x200 
                0x0000000020000998                . = (. + _Min_Stack_Size)
 *fill*         0x0000000020000598      0x400 
                0x0000000020000998                . = ALIGN (0x8)

/DISCARD/
 libc.a(*)
 libm.a(*)
 libgcc.a(*)

.ARM.attributes
                0x0000000000000000       0x30
 *(.ARM.attributes)
 .ARM.attributes
                0x0000000000000000       0x22 /home/kbisland/Ac6/SystemWorkbench/plugins/fr.ac6.mcu.externaltools.arm-none.linux64_1.16.0.201807130628/tools/compiler/bin/../lib/gcc/arm-none-eabi/7.2.1/thumb/v7e-m/fpv4-sp/hard/crti.o
 .ARM.attributes
                0x0000000000000022       0x34 /home/kbisland/Ac6/SystemWorkbench/plugins/fr.ac6.mcu.externaltools.arm-none.linux64_1.16.0.201807130628/tools/compiler/bin/../lib/gcc/arm-none-eabi/7.2.1/thumb/v7e-m/fpv4-sp/hard/crtbegin.o
 .ARM.attributes
                0x0000000000000056       0x21 Application/SW4STM32/startup_stm32l431xx.o
 .ARM.attributes
                0x0000000000000077       0x39 Application/User/Core/main.o
 .ARM.attributes
                0x00000000000000b0       0x39 Application/User/Core/stm32l4xx_hal_msp.o
 .ARM.attributes
                0x00000000000000e9       0x39 Application/User/Core/stm32l4xx_it.o
 .ARM.attributes
                0x0000000000000122       0x39 Drivers/CMSIS/system_stm32l4xx.o
 .ARM.attributes
                0x000000000000015b       0x39 Drivers/STM32L4xx_HAL_Driver/stm32l4xx_hal.o
 .ARM.attributes
                0x0000000000000194       0x39 Drivers/STM32L4xx_HAL_Driver/stm32l4xx_hal_adc.o
 .ARM.attributes
                0x00000000000001cd       0x39 Drivers/STM32L4xx_HAL_Driver/stm32l4xx_hal_adc_ex.o
 .ARM.attributes
                0x0000000000000206       0x39 Drivers/STM32L4xx_HAL_Driver/stm32l4xx_hal_cortex.o
 .ARM.attributes
                0x000000000000023f       0x39 Drivers/STM32L4xx_HAL_Driver/stm32l4xx_hal_dma.o
 .ARM.attributes
                0x0000000000000278       0x39 Drivers/STM32L4xx_HAL_Driver/stm32l4xx_hal_gpio.o
 .ARM.attributes
                0x00000000000002b1       0x39 Drivers/STM32L4xx_HAL_Driver/stm32l4xx_hal_pwr_ex.o
 .ARM.attributes
                0x00000000000002ea       0x39 Drivers/STM32L4xx_HAL_Driver/stm32l4xx_hal_rcc.o
 .ARM.attributes
                0x0000000000000323       0x39 Drivers/STM32L4xx_HAL_Driver/stm32l4xx_hal_rcc_ex.o
 .ARM.attributes
                0x000000000000035c       0x39 Drivers/STM32L4xx_HAL_Driver/stm32l4xx_hal_smbus.o
 .ARM.attributes
                0x0000000000000395       0x39 Drivers/STM32L4xx_HAL_Driver/stm32l4xx_hal_spi.o
 .ARM.attributes
                0x00000000000003ce       0x39 Drivers/STM32L4xx_HAL_Driver/stm32l4xx_hal_tim.o
 .ARM.attributes
                0x0000000000000407       0x39 Drivers/STM32L4xx_HAL_Driver/stm32l4xx_hal_tim_ex.o
 .ARM.attributes
                0x0000000000000440       0x39 Drivers/STM32L4xx_HAL_Driver/stm32l4xx_hal_uart.o
 .ARM.attributes
                0x0000000000000479       0x39 Drivers/STM32L4xx_HAL_Driver/stm32l4xx_hal_uart_ex.o
 .ARM.attributes
                0x00000000000004b2       0x22 /home/kbisland/Ac6/SystemWorkbench/plugins/fr.ac6.mcu.externaltools.arm-none.linux64_1.16.0.201807130628/tools/compiler/bin/../lib/gcc/arm-none-eabi/7.2.1/thumb/v7e-m/fpv4-sp/hard/libgcc.a(_aeabi_uldivmod.o)
 .ARM.attributes
                0x00000000000004d4       0x34 /home/kbisland/Ac6/SystemWorkbench/plugins/fr.ac6.mcu.externaltools.arm-none.linux64_1.16.0.201807130628/tools/compiler/bin/../lib/gcc/arm-none-eabi/7.2.1/thumb/v7e-m/fpv4-sp/hard/libgcc.a(_udivmoddi4.o)
 .ARM.attributes
                0x0000000000000508       0x22 /home/kbisland/Ac6/SystemWorkbench/plugins/fr.ac6.mcu.externaltools.arm-none.linux64_1.16.0.201807130628/tools/compiler/bin/../lib/gcc/arm-none-eabi/7.2.1/thumb/v7e-m/fpv4-sp/hard/libgcc.a(_dvmd_tls.o)
 .ARM.attributes
                0x000000000000052a       0x34 /home/kbisland/Ac6/SystemWorkbench/plugins/fr.ac6.mcu.externaltools.arm-none.linux64_1.16.0.201807130628/tools/compiler/bin/../lib/gcc/arm-none-eabi/7.2.1/../../../../arm-none-eabi/lib/thumb/v7e-m/fpv4-sp/hard/libc_nano.a(lib_a-impure.o)
 .ARM.attributes
                0x000000000000055e       0x34 /home/kbisland/Ac6/SystemWorkbench/plugins/fr.ac6.mcu.externaltools.arm-none.linux64_1.16.0.201807130628/tools/compiler/bin/../lib/gcc/arm-none-eabi/7.2.1/../../../../arm-none-eabi/lib/thumb/v7e-m/fpv4-sp/hard/libc_nano.a(lib_a-init.o)
 .ARM.attributes
                0x0000000000000592       0x34 /home/kbisland/Ac6/SystemWorkbench/plugins/fr.ac6.mcu.externaltools.arm-none.linux64_1.16.0.201807130628/tools/compiler/bin/../lib/gcc/arm-none-eabi/7.2.1/../../../../arm-none-eabi/lib/thumb/v7e-m/fpv4-sp/hard/libc_nano.a(lib_a-memset.o)
 .ARM.attributes
                0x00000000000005c6       0x34 /home/kbisland/Ac6/SystemWorkbench/plugins/fr.ac6.mcu.externaltools.arm-none.linux64_1.16.0.201807130628/tools/compiler/bin/../lib/gcc/arm-none-eabi/7.2.1/../../../../arm-none-eabi/lib/thumb/v7e-m/fpv4-sp/hard/libc_nano.a(lib_a-printf.o)
 .ARM.attributes
                0x00000000000005fa       0x34 /home/kbisland/Ac6/SystemWorkbench/plugins/fr.ac6.mcu.externaltools.arm-none.linux64_1.16.0.201807130628/tools/compiler/bin/../lib/gcc/arm-none-eabi/7.2.1/../../../../arm-none-eabi/lib/thumb/v7e-m/fpv4-sp/hard/libc_nano.a(lib_a-findfp.o)
 .ARM.attributes
                0x000000000000062e       0x34 /home/kbisland/Ac6/SystemWorkbench/plugins/fr.ac6.mcu.externaltools.arm-none.linux64_1.16.0.201807130628/tools/compiler/bin/../lib/gcc/arm-none-eabi/7.2.1/../../../../arm-none-eabi/lib/thumb/v7e-m/fpv4-sp/hard/libc_nano.a(lib_a-fwalk.o)
 .ARM.attributes
                0x0000000000000662       0x34 /home/kbisland/Ac6/SystemWorkbench/plugins/fr.ac6.mcu.externaltools.arm-none.linux64_1.16.0.201807130628/tools/compiler/bin/../lib/gcc/arm-none-eabi/7.2.1/../../../../arm-none-eabi/lib/thumb/v7e-m/fpv4-sp/hard/libc_nano.a(lib_a-nano-mallocr.o)
 .ARM.attributes
                0x0000000000000696       0x34 /home/kbisland/Ac6/SystemWorkbench/plugins/fr.ac6.mcu.externaltools.arm-none.linux64_1.16.0.201807130628/tools/compiler/bin/../lib/gcc/arm-none-eabi/7.2.1/../../../../arm-none-eabi/lib/thumb/v7e-m/fpv4-sp/hard/libc_nano.a(lib_a-nano-vfprintf.o)
 .ARM.attributes
                0x00000000000006ca       0x34 /home/kbisland/Ac6/SystemWorkbench/plugins/fr.ac6.mcu.externaltools.arm-none.linux64_1.16.0.201807130628/tools/compiler/bin/../lib/gcc/arm-none-eabi/7.2.1/../../../../arm-none-eabi/lib/thumb/v7e-m/fpv4-sp/hard/libc_nano.a(lib_a-nano-vfprintf_i.o)
 .ARM.attributes
                0x00000000000006fe       0x34 /home/kbisland/Ac6/SystemWorkbench/plugins/fr.ac6.mcu.externaltools.arm-none.linux64_1.16.0.201807130628/tools/compiler/bin/../lib/gcc/arm-none-eabi/7.2.1/../../../../arm-none-eabi/lib/thumb/v7e-m/fpv4-sp/hard/libc_nano.a(lib_a-sbrkr.o)
 .ARM.attributes
                0x0000000000000732       0x34 /home/kbisland/Ac6/SystemWorkbench/plugins/fr.ac6.mcu.externaltools.arm-none.linux64_1.16.0.201807130628/tools/compiler/bin/../lib/gcc/arm-none-eabi/7.2.1/../../../../arm-none-eabi/lib/thumb/v7e-m/fpv4-sp/hard/libc_nano.a(lib_a-stdio.o)
 .ARM.attributes
                0x0000000000000766       0x34 /home/kbisland/Ac6/SystemWorkbench/plugins/fr.ac6.mcu.externaltools.arm-none.linux64_1.16.0.201807130628/tools/compiler/bin/../lib/gcc/arm-none-eabi/7.2.1/../../../../arm-none-eabi/lib/thumb/v7e-m/fpv4-sp/hard/libc_nano.a(lib_a-wbuf.o)
 .ARM.attributes
                0x000000000000079a       0x34 /home/kbisland/Ac6/SystemWorkbench/plugins/fr.ac6.mcu.externaltools.arm-none.linux64_1.16.0.201807130628/tools/compiler/bin/../lib/gcc/arm-none-eabi/7.2.1/../../../../arm-none-eabi/lib/thumb/v7e-m/fpv4-sp/hard/libc_nano.a(lib_a-writer.o)
 .ARM.attributes
                0x00000000000007ce       0x34 /home/kbisland/Ac6/SystemWorkbench/plugins/fr.ac6.mcu.externaltools.arm-none.linux64_1.16.0.201807130628/tools/compiler/bin/../lib/gcc/arm-none-eabi/7.2.1/../../../../arm-none-eabi/lib/thumb/v7e-m/fpv4-sp/hard/libc_nano.a(lib_a-wsetup.o)
 .ARM.attributes
                0x0000000000000802       0x34 /home/kbisland/Ac6/SystemWorkbench/plugins/fr.ac6.mcu.externaltools.arm-none.linux64_1.16.0.201807130628/tools/compiler/bin/../lib/gcc/arm-none-eabi/7.2.1/../../../../arm-none-eabi/lib/thumb/v7e-m/fpv4-sp/hard/libc_nano.a(lib_a-closer.o)
 .ARM.attributes
                0x0000000000000836       0x34 /home/kbisland/Ac6/SystemWorkbench/plugins/fr.ac6.mcu.externaltools.arm-none.linux64_1.16.0.201807130628/tools/compiler/bin/../lib/gcc/arm-none-eabi/7.2.1/../../../../arm-none-eabi/lib/thumb/v7e-m/fpv4-sp/hard/libc_nano.a(lib_a-fflush.o)
 .ARM.attributes
                0x000000000000086a       0x34 /home/kbisland/Ac6/SystemWorkbench/plugins/fr.ac6.mcu.externaltools.arm-none.linux64_1.16.0.201807130628/tools/compiler/bin/../lib/gcc/arm-none-eabi/7.2.1/../../../../arm-none-eabi/lib/thumb/v7e-m/fpv4-sp/hard/libc_nano.a(lib_a-lseekr.o)
 .ARM.attributes
                0x000000000000089e       0x34 /home/kbisland/Ac6/SystemWorkbench/plugins/fr.ac6.mcu.externaltools.arm-none.linux64_1.16.0.201807130628/tools/compiler/bin/../lib/gcc/arm-none-eabi/7.2.1/../../../../arm-none-eabi/lib/thumb/v7e-m/fpv4-sp/hard/libc_nano.a(lib_a-makebuf.o)
 .ARM.attributes
                0x00000000000008d2       0x20 /home/kbisland/Ac6/SystemWorkbench/plugins/fr.ac6.mcu.externaltools.arm-none.linux64_1.16.0.201807130628/tools/compiler/bin/../lib/gcc/arm-none-eabi/7.2.1/../../../../arm-none-eabi/lib/thumb/v7e-m/fpv4-sp/hard/libc_nano.a(lib_a-memchr.o)
 .ARM.attributes
                0x00000000000008f2       0x34 /home/kbisland/Ac6/SystemWorkbench/plugins/fr.ac6.mcu.externaltools.arm-none.linux64_1.16.0.201807130628/tools/compiler/bin/../lib/gcc/arm-none-eabi/7.2.1/../../../../arm-none-eabi/lib/thumb/v7e-m/fpv4-sp/hard/libc_nano.a(lib_a-mlock.o)
 .ARM.attributes
                0x0000000000000926       0x34 /home/kbisland/Ac6/SystemWorkbench/plugins/fr.ac6.mcu.externaltools.arm-none.linux64_1.16.0.201807130628/tools/compiler/bin/../lib/gcc/arm-none-eabi/7.2.1/../../../../arm-none-eabi/lib/thumb/v7e-m/fpv4-sp/hard/libc_nano.a(lib_a-nano-freer.o)
 .ARM.attributes
                0x000000000000095a       0x34 /home/kbisland/Ac6/SystemWorkbench/plugins/fr.ac6.mcu.externaltools.arm-none.linux64_1.16.0.201807130628/tools/compiler/bin/../lib/gcc/arm-none-eabi/7.2.1/../../../../arm-none-eabi/lib/thumb/v7e-m/fpv4-sp/hard/libc_nano.a(lib_a-readr.o)
 .ARM.attributes
                0x000000000000098e       0x34 /home/kbisland/Ac6/SystemWorkbench/plugins/fr.ac6.mcu.externaltools.arm-none.linux64_1.16.0.201807130628/tools/compiler/bin/../lib/gcc/arm-none-eabi/7.2.1/../../../../arm-none-eabi/lib/thumb/v7e-m/fpv4-sp/hard/libc_nano.a(lib_a-reent.o)
 .ARM.attributes
                0x00000000000009c2       0x34 /home/kbisland/Ac6/SystemWorkbench/plugins/fr.ac6.mcu.externaltools.arm-none.linux64_1.16.0.201807130628/tools/compiler/bin/../lib/gcc/arm-none-eabi/7.2.1/../../../../arm-none-eabi/lib/thumb/v7e-m/fpv4-sp/hard/libc_nano.a(lib_a-fstatr.o)
 .ARM.attributes
                0x00000000000009f6       0x34 /home/kbisland/Ac6/SystemWorkbench/plugins/fr.ac6.mcu.externaltools.arm-none.linux64_1.16.0.201807130628/tools/compiler/bin/../lib/gcc/arm-none-eabi/7.2.1/../../../../arm-none-eabi/lib/thumb/v7e-m/fpv4-sp/hard/libc_nano.a(lib_a-isattyr.o)
 .ARM.attributes
                0x0000000000000a2a       0x34 /home/kbisland/Ac6/SystemWorkbench/plugins/fr.ac6.mcu.externaltools.arm-none.linux64_1.16.0.201807130628/tools/compiler/bin/../lib/gcc/arm-none-eabi/7.2.1/../../../../arm-none-eabi/lib/thumb/v7e-m/fpv4-sp/hard/libnosys.a(close.o)
 .ARM.attributes
                0x0000000000000a5e       0x34 /home/kbisland/Ac6/SystemWorkbench/plugins/fr.ac6.mcu.externaltools.arm-none.linux64_1.16.0.201807130628/tools/compiler/bin/../lib/gcc/arm-none-eabi/7.2.1/../../../../arm-none-eabi/lib/thumb/v7e-m/fpv4-sp/hard/libnosys.a(fstat.o)
 .ARM.attributes
                0x0000000000000a92       0x34 /home/kbisland/Ac6/SystemWorkbench/plugins/fr.ac6.mcu.externaltools.arm-none.linux64_1.16.0.201807130628/tools/compiler/bin/../lib/gcc/arm-none-eabi/7.2.1/../../../../arm-none-eabi/lib/thumb/v7e-m/fpv4-sp/hard/libnosys.a(isatty.o)
 .ARM.attributes
                0x0000000000000ac6       0x34 /home/kbisland/Ac6/SystemWorkbench/plugins/fr.ac6.mcu.externaltools.arm-none.linux64_1.16.0.201807130628/tools/compiler/bin/../lib/gcc/arm-none-eabi/7.2.1/../../../../arm-none-eabi/lib/thumb/v7e-m/fpv4-sp/hard/libnosys.a(lseek.o)
 .ARM.attributes
                0x0000000000000afa       0x34 /home/kbisland/Ac6/SystemWorkbench/plugins/fr.ac6.mcu.externaltools.arm-none.linux64_1.16.0.201807130628/tools/compiler/bin/../lib/gcc/arm-none-eabi/7.2.1/../../../../arm-none-eabi/lib/thumb/v7e-m/fpv4-sp/hard/libnosys.a(read.o)
 .ARM.attributes
                0x0000000000000b2e       0x34 /home/kbisland/Ac6/SystemWorkbench/plugins/fr.ac6.mcu.externaltools.arm-none.linux64_1.16.0.201807130628/tools/compiler/bin/../lib/gcc/arm-none-eabi/7.2.1/../../../../arm-none-eabi/lib/thumb/v7e-m/fpv4-sp/hard/libnosys.a(sbrk.o)
 .ARM.attributes
                0x0000000000000b62       0x34 /home/kbisland/Ac6/SystemWorkbench/plugins/fr.ac6.mcu.externaltools.arm-none.linux64_1.16.0.201807130628/tools/compiler/bin/../lib/gcc/arm-none-eabi/7.2.1/../../../../arm-none-eabi/lib/thumb/v7e-m/fpv4-sp/hard/libnosys.a(write.o)
 .ARM.attributes
                0x0000000000000b96       0x22 /home/kbisland/Ac6/SystemWorkbench/plugins/fr.ac6.mcu.externaltools.arm-none.linux64_1.16.0.201807130628/tools/compiler/bin/../lib/gcc/arm-none-eabi/7.2.1/thumb/v7e-m/fpv4-sp/hard/crtn.o
OUTPUT(SmallKatCharger.elf elf32-littlearm)

.debug_line     0x0000000000000000     0xf7a0
 .debug_line    0x0000000000000000       0x9c Application/SW4STM32/startup_stm32l431xx.o
 .debug_line    0x000000000000009c      0x969 Application/User/Core/main.o
 .debug_line    0x0000000000000a05      0x8e4 Application/User/Core/stm32l4xx_hal_msp.o
 .debug_line    0x00000000000012e9      0x8fe Application/User/Core/stm32l4xx_it.o
 .debug_line    0x0000000000001be7      0x7ea Drivers/CMSIS/system_stm32l4xx.o
 .debug_line    0x00000000000023d1      0xa09 Drivers/STM32L4xx_HAL_Driver/stm32l4xx_hal.o
 .debug_line    0x0000000000002dda     0x12eb Drivers/STM32L4xx_HAL_Driver/stm32l4xx_hal_adc.o
 .debug_line    0x00000000000040c5      0xf47 Drivers/STM32L4xx_HAL_Driver/stm32l4xx_hal_adc_ex.o
 .debug_line    0x000000000000500c      0x9e0 Drivers/STM32L4xx_HAL_Driver/stm32l4xx_hal_cortex.o
 .debug_line    0x00000000000059ec      0xa27 Drivers/STM32L4xx_HAL_Driver/stm32l4xx_hal_dma.o
 .debug_line    0x0000000000006413      0x915 Drivers/STM32L4xx_HAL_Driver/stm32l4xx_hal_gpio.o
 .debug_line    0x0000000000006d28      0xb26 Drivers/STM32L4xx_HAL_Driver/stm32l4xx_hal_pwr_ex.o
 .debug_line    0x000000000000784e      0xb2c Drivers/STM32L4xx_HAL_Driver/stm32l4xx_hal_rcc.o
 .debug_line    0x000000000000837a      0xd72 Drivers/STM32L4xx_HAL_Driver/stm32l4xx_hal_rcc_ex.o
 .debug_line    0x00000000000090ec      0xf6a Drivers/STM32L4xx_HAL_Driver/stm32l4xx_hal_smbus.o
 .debug_line    0x000000000000a056     0x12f8 Drivers/STM32L4xx_HAL_Driver/stm32l4xx_hal_spi.o
 .debug_line    0x000000000000b34e     0x1997 Drivers/STM32L4xx_HAL_Driver/stm32l4xx_hal_tim.o
 .debug_line    0x000000000000cce5      0xe96 Drivers/STM32L4xx_HAL_Driver/stm32l4xx_hal_tim_ex.o
 .debug_line    0x000000000000db7b     0x130b Drivers/STM32L4xx_HAL_Driver/stm32l4xx_hal_uart.o
 .debug_line    0x000000000000ee86      0x91a Drivers/STM32L4xx_HAL_Driver/stm32l4xx_hal_uart_ex.o

.debug_info     0x0000000000000000    0x19004
 .debug_info    0x0000000000000000       0x22 Application/SW4STM32/startup_stm32l431xx.o
 .debug_info    0x0000000000000022     0x23fb Application/User/Core/main.o
 .debug_info    0x000000000000241d     0x1d8f Application/User/Core/stm32l4xx_hal_msp.o
 .debug_info    0x00000000000041ac     0x147d Application/User/Core/stm32l4xx_it.o
 .debug_info    0x0000000000005629      0x5da Drivers/CMSIS/system_stm32l4xx.o
 .debug_info    0x0000000000005c03      0xa8e Drivers/STM32L4xx_HAL_Driver/stm32l4xx_hal.o
 .debug_info    0x0000000000006691     0x2762 Drivers/STM32L4xx_HAL_Driver/stm32l4xx_hal_adc.o
 .debug_info    0x0000000000008df3     0x1c86 Drivers/STM32L4xx_HAL_Driver/stm32l4xx_hal_adc_ex.o
 .debug_info    0x000000000000aa79      0xf08 Drivers/STM32L4xx_HAL_Driver/stm32l4xx_hal_cortex.o
 .debug_info    0x000000000000b981      0x84c Drivers/STM32L4xx_HAL_Driver/stm32l4xx_hal_dma.o
 .debug_info    0x000000000000c1cd      0x85c Drivers/STM32L4xx_HAL_Driver/stm32l4xx_hal_gpio.o
 .debug_info    0x000000000000ca29      0xa22 Drivers/STM32L4xx_HAL_Driver/stm32l4xx_hal_pwr_ex.o
 .debug_info    0x000000000000d44b      0xde8 Drivers/STM32L4xx_HAL_Driver/stm32l4xx_hal_rcc.o
 .debug_info    0x000000000000e233     0x1159 Drivers/STM32L4xx_HAL_Driver/stm32l4xx_hal_rcc_ex.o
 .debug_info    0x000000000000f38c     0x1395 Drivers/STM32L4xx_HAL_Driver/stm32l4xx_hal_smbus.o
 .debug_info    0x0000000000010721     0x1de1 Drivers/STM32L4xx_HAL_Driver/stm32l4xx_hal_spi.o
 .debug_info    0x0000000000012502     0x2fc2 Drivers/STM32L4xx_HAL_Driver/stm32l4xx_hal_tim.o
 .debug_info    0x00000000000154c4     0x151d Drivers/STM32L4xx_HAL_Driver/stm32l4xx_hal_tim_ex.o
 .debug_info    0x00000000000169e1     0x1bf0 Drivers/STM32L4xx_HAL_Driver/stm32l4xx_hal_uart.o
 .debug_info    0x00000000000185d1      0xa33 Drivers/STM32L4xx_HAL_Driver/stm32l4xx_hal_uart_ex.o

.debug_abbrev   0x0000000000000000     0x29fb
 .debug_abbrev  0x0000000000000000       0x12 Application/SW4STM32/startup_stm32l431xx.o
 .debug_abbrev  0x0000000000000012      0x2b9 Application/User/Core/main.o
 .debug_abbrev  0x00000000000002cb      0x21d Application/User/Core/stm32l4xx_hal_msp.o
 .debug_abbrev  0x00000000000004e8      0x1c7 Application/User/Core/stm32l4xx_it.o
 .debug_abbrev  0x00000000000006af      0x134 Drivers/CMSIS/system_stm32l4xx.o
 .debug_abbrev  0x00000000000007e3      0x1fc Drivers/STM32L4xx_HAL_Driver/stm32l4xx_hal.o
 .debug_abbrev  0x00000000000009df      0x2a3 Drivers/STM32L4xx_HAL_Driver/stm32l4xx_hal_adc.o
 .debug_abbrev  0x0000000000000c82      0x2ff Drivers/STM32L4xx_HAL_Driver/stm32l4xx_hal_adc_ex.o
 .debug_abbrev  0x0000000000000f81      0x2fa Drivers/STM32L4xx_HAL_Driver/stm32l4xx_hal_cortex.o
 .debug_abbrev  0x000000000000127b      0x233 Drivers/STM32L4xx_HAL_Driver/stm32l4xx_hal_dma.o
 .debug_abbrev  0x00000000000014ae      0x1de Drivers/STM32L4xx_HAL_Driver/stm32l4xx_hal_gpio.o
 .debug_abbrev  0x000000000000168c      0x1fc Drivers/STM32L4xx_HAL_Driver/stm32l4xx_hal_pwr_ex.o
 .debug_abbrev  0x0000000000001888      0x22c Drivers/STM32L4xx_HAL_Driver/stm32l4xx_hal_rcc.o
 .debug_abbrev  0x0000000000001ab4      0x24c Drivers/STM32L4xx_HAL_Driver/stm32l4xx_hal_rcc_ex.o
 .debug_abbrev  0x0000000000001d00      0x1fe Drivers/STM32L4xx_HAL_Driver/stm32l4xx_hal_smbus.o
 .debug_abbrev  0x0000000000001efe      0x238 Drivers/STM32L4xx_HAL_Driver/stm32l4xx_hal_spi.o
 .debug_abbrev  0x0000000000002136      0x21b Drivers/STM32L4xx_HAL_Driver/stm32l4xx_hal_tim.o
 .debug_abbrev  0x0000000000002351      0x246 Drivers/STM32L4xx_HAL_Driver/stm32l4xx_hal_tim_ex.o
 .debug_abbrev  0x0000000000002597      0x24d Drivers/STM32L4xx_HAL_Driver/stm32l4xx_hal_uart.o
 .debug_abbrev  0x00000000000027e4      0x217 Drivers/STM32L4xx_HAL_Driver/stm32l4xx_hal_uart_ex.o

.debug_aranges  0x0000000000000000     0x1300
 .debug_aranges
                0x0000000000000000       0x28 Application/SW4STM32/startup_stm32l431xx.o
 .debug_aranges
                0x0000000000000028       0x90 Application/User/Core/main.o
 .debug_aranges
                0x00000000000000b8       0x70 Application/User/Core/stm32l4xx_hal_msp.o
 .debug_aranges
                0x0000000000000128       0xb8 Application/User/Core/stm32l4xx_it.o
 .debug_aranges
                0x00000000000001e0       0x28 Drivers/CMSIS/system_stm32l4xx.o
 .debug_aranges
                0x0000000000000208      0x118 Drivers/STM32L4xx_HAL_Driver/stm32l4xx_hal.o
 .debug_aranges
                0x0000000000000320       0xf8 Drivers/STM32L4xx_HAL_Driver/stm32l4xx_hal_adc.o
 .debug_aranges
                0x0000000000000418       0xc8 Drivers/STM32L4xx_HAL_Driver/stm32l4xx_hal_adc_ex.o
 .debug_aranges
                0x00000000000004e0       0xa8 Drivers/STM32L4xx_HAL_Driver/stm32l4xx_hal_cortex.o
 .debug_aranges
                0x0000000000000588       0x80 Drivers/STM32L4xx_HAL_Driver/stm32l4xx_hal_dma.o
 .debug_aranges
                0x0000000000000608       0x58 Drivers/STM32L4xx_HAL_Driver/stm32l4xx_hal_gpio.o
 .debug_aranges
                0x0000000000000660       0xf8 Drivers/STM32L4xx_HAL_Driver/stm32l4xx_hal_pwr_ex.o
 .debug_aranges
                0x0000000000000758       0x88 Drivers/STM32L4xx_HAL_Driver/stm32l4xx_hal_rcc.o
 .debug_aranges
                0x00000000000007e0       0xf0 Drivers/STM32L4xx_HAL_Driver/stm32l4xx_hal_rcc_ex.o
 .debug_aranges
                0x00000000000008d0      0x130 Drivers/STM32L4xx_HAL_Driver/stm32l4xx_hal_smbus.o
 .debug_aranges
                0x0000000000000a00      0x1d8 Drivers/STM32L4xx_HAL_Driver/stm32l4xx_hal_spi.o
 .debug_aranges
                0x0000000000000bd8      0x378 Drivers/STM32L4xx_HAL_Driver/stm32l4xx_hal_tim.o
 .debug_aranges
                0x0000000000000f50      0x158 Drivers/STM32L4xx_HAL_Driver/stm32l4xx_hal_tim_ex.o
 .debug_aranges
                0x00000000000010a8      0x1f8 Drivers/STM32L4xx_HAL_Driver/stm32l4xx_hal_uart.o
 .debug_aranges
                0x00000000000012a0       0x60 Drivers/STM32L4xx_HAL_Driver/stm32l4xx_hal_uart_ex.o

.debug_str      0x0000000000000000    0xdb9fb
 .debug_str     0x0000000000000000       0x8b Application/SW4STM32/startup_stm32l431xx.o
 .debug_str     0x000000000000008b    0xd65d7 Application/User/Core/main.o
                                      0xd6d7b (size before relaxing)
 .debug_str     0x00000000000d6662      0x180 Application/User/Core/stm32l4xx_hal_msp.o
                                      0xd6735 (size before relaxing)
 .debug_str     0x00000000000d67e2      0x26a Application/User/Core/stm32l4xx_it.o
                                      0xd6277 (size before relaxing)
 .debug_str     0x00000000000d6a4c       0xe9 Drivers/CMSIS/system_stm32l4xx.o
                                      0xd5595 (size before relaxing)
 .debug_str     0x00000000000d6b35      0x57a Drivers/STM32L4xx_HAL_Driver/stm32l4xx_hal.o
                                      0xd5f99 (size before relaxing)
 .debug_str     0x00000000000d70af      0xa34 Drivers/STM32L4xx_HAL_Driver/stm32l4xx_hal_adc.o
                                      0xd63ad (size before relaxing)
 .debug_str     0x00000000000d7ae3      0x565 Drivers/STM32L4xx_HAL_Driver/stm32l4xx_hal_adc_ex.o
                                      0xd61a2 (size before relaxing)
 .debug_str     0x00000000000d8048      0x331 Drivers/STM32L4xx_HAL_Driver/stm32l4xx_hal_cortex.o
                                      0xd5cf2 (size before relaxing)
 .debug_str     0x00000000000d8379      0x221 Drivers/STM32L4xx_HAL_Driver/stm32l4xx_hal_dma.o
                                      0xd582d (size before relaxing)
 .debug_str     0x00000000000d859a      0x209 Drivers/STM32L4xx_HAL_Driver/stm32l4xx_hal_gpio.o
                                      0xd580f (size before relaxing)
 .debug_str     0x00000000000d87a3      0x3fd Drivers/STM32L4xx_HAL_Driver/stm32l4xx_hal_pwr_ex.o
                                      0xd59c0 (size before relaxing)
 .debug_str     0x00000000000d8ba0      0x36c Drivers/STM32L4xx_HAL_Driver/stm32l4xx_hal_rcc.o
                                      0xd5b47 (size before relaxing)
 .debug_str     0x00000000000d8f0c      0x55c Drivers/STM32L4xx_HAL_Driver/stm32l4xx_hal_rcc_ex.o
                                      0xd5e43 (size before relaxing)
 .debug_str     0x00000000000d9468      0x466 Drivers/STM32L4xx_HAL_Driver/stm32l4xx_hal_smbus.o
                                      0xd5afd (size before relaxing)
 .debug_str     0x00000000000d98ce      0x55d Drivers/STM32L4xx_HAL_Driver/stm32l4xx_hal_spi.o
                                      0xd5d97 (size before relaxing)
 .debug_str     0x00000000000d9e2b      0xd04 Drivers/STM32L4xx_HAL_Driver/stm32l4xx_hal_tim.o
                                      0xd65dd (size before relaxing)
 .debug_str     0x00000000000dab2f      0x598 Drivers/STM32L4xx_HAL_Driver/stm32l4xx_hal_tim_ex.o
                                      0xd5fa8 (size before relaxing)
 .debug_str     0x00000000000db0c7      0x793 Drivers/STM32L4xx_HAL_Driver/stm32l4xx_hal_uart.o
                                      0xd6247 (size before relaxing)
 .debug_str     0x00000000000db85a      0x1a1 Drivers/STM32L4xx_HAL_Driver/stm32l4xx_hal_uart_ex.o
                                      0xd5a9b (size before relaxing)

.debug_ranges   0x0000000000000000     0x1468
 .debug_ranges  0x0000000000000000       0x20 Application/SW4STM32/startup_stm32l431xx.o
 .debug_ranges  0x0000000000000020       0x80 Application/User/Core/main.o
 .debug_ranges  0x00000000000000a0       0x60 Application/User/Core/stm32l4xx_hal_msp.o
 .debug_ranges  0x0000000000000100       0xa8 Application/User/Core/stm32l4xx_it.o
 .debug_ranges  0x00000000000001a8       0x18 Drivers/CMSIS/system_stm32l4xx.o
 .debug_ranges  0x00000000000001c0      0x108 Drivers/STM32L4xx_HAL_Driver/stm32l4xx_hal.o
 .debug_ranges  0x00000000000002c8      0x208 Drivers/STM32L4xx_HAL_Driver/stm32l4xx_hal_adc.o
 .debug_ranges  0x00000000000004d0      0x1a8 Drivers/STM32L4xx_HAL_Driver/stm32l4xx_hal_adc_ex.o
 .debug_ranges  0x0000000000000678       0xf8 Drivers/STM32L4xx_HAL_Driver/stm32l4xx_hal_cortex.o
 .debug_ranges  0x0000000000000770       0x70 Drivers/STM32L4xx_HAL_Driver/stm32l4xx_hal_dma.o
 .debug_ranges  0x00000000000007e0       0x48 Drivers/STM32L4xx_HAL_Driver/stm32l4xx_hal_gpio.o
 .debug_ranges  0x0000000000000828       0xe8 Drivers/STM32L4xx_HAL_Driver/stm32l4xx_hal_pwr_ex.o
 .debug_ranges  0x0000000000000910       0x90 Drivers/STM32L4xx_HAL_Driver/stm32l4xx_hal_rcc.o
 .debug_ranges  0x00000000000009a0       0xf8 Drivers/STM32L4xx_HAL_Driver/stm32l4xx_hal_rcc_ex.o
 .debug_ranges  0x0000000000000a98      0x120 Drivers/STM32L4xx_HAL_Driver/stm32l4xx_hal_smbus.o
 .debug_ranges  0x0000000000000bb8      0x1c8 Drivers/STM32L4xx_HAL_Driver/stm32l4xx_hal_spi.o
 .debug_ranges  0x0000000000000d80      0x368 Drivers/STM32L4xx_HAL_Driver/stm32l4xx_hal_tim.o
 .debug_ranges  0x00000000000010e8      0x148 Drivers/STM32L4xx_HAL_Driver/stm32l4xx_hal_tim_ex.o
 .debug_ranges  0x0000000000001230      0x1e8 Drivers/STM32L4xx_HAL_Driver/stm32l4xx_hal_uart.o
 .debug_ranges  0x0000000000001418       0x50 Drivers/STM32L4xx_HAL_Driver/stm32l4xx_hal_uart_ex.o

.debug_macro    0x0000000000000000    0x22fb0
 .debug_macro   0x0000000000000000      0x26c Application/User/Core/main.o
 .debug_macro   0x000000000000026c      0xa60 Application/User/Core/main.o
 .debug_macro   0x0000000000000ccc       0x7c Application/User/Core/main.o
 .debug_macro   0x0000000000000d48       0xc6 Application/User/Core/main.o
 .debug_macro   0x0000000000000e0e       0x2e Application/User/Core/main.o
 .debug_macro   0x0000000000000e3c       0x28 Application/User/Core/main.o
 .debug_macro   0x0000000000000e64       0x22 Application/User/Core/main.o
 .debug_macro   0x0000000000000e86       0x87 Application/User/Core/main.o
 .debug_macro   0x0000000000000f0d       0x51 Application/User/Core/main.o
 .debug_macro   0x0000000000000f5e       0xef Application/User/Core/main.o
 .debug_macro   0x000000000000104d       0x6a Application/User/Core/main.o
 .debug_macro   0x00000000000010b7      0x1df Application/User/Core/main.o
 .debug_macro   0x0000000000001296       0x35 Application/User/Core/main.o
 .debug_macro   0x00000000000012cb       0x50 Application/User/Core/main.o
 .debug_macro   0x000000000000131b      0xe66 Application/User/Core/main.o
 .debug_macro   0x0000000000002181    0x150cf Application/User/Core/main.o
 .debug_macro   0x0000000000017250       0x43 Application/User/Core/main.o
 .debug_macro   0x0000000000017293     0x3788 Application/User/Core/main.o
 .debug_macro   0x000000000001aa1b      0x174 Application/User/Core/main.o
 .debug_macro   0x000000000001ab8f       0x50 Application/User/Core/main.o
 .debug_macro   0x000000000001abdf     0x12e9 Application/User/Core/main.o
 .debug_macro   0x000000000001bec8      0x59e Application/User/Core/main.o
 .debug_macro   0x000000000001c466      0x148 Application/User/Core/main.o
 .debug_macro   0x000000000001c5ae      0x11b Application/User/Core/main.o
 .debug_macro   0x000000000001c6c9      0x26b Application/User/Core/main.o
 .debug_macro   0x000000000001c934      0x23a Application/User/Core/main.o
 .debug_macro   0x000000000001cb6e      0xdda Application/User/Core/main.o
 .debug_macro   0x000000000001d948      0x61d Application/User/Core/main.o
 .debug_macro   0x000000000001df65      0x241 Application/User/Core/main.o
 .debug_macro   0x000000000001e1a6      0x367 Application/User/Core/main.o
 .debug_macro   0x000000000001e50d       0xe4 Application/User/Core/main.o
 .debug_macro   0x000000000001e5f1      0x22c Application/User/Core/main.o
 .debug_macro   0x000000000001e81d       0x61 Application/User/Core/main.o
 .debug_macro   0x000000000001e87e       0xa5 Application/User/Core/main.o
 .debug_macro   0x000000000001e923      0x126 Application/User/Core/main.o
 .debug_macro   0x000000000001ea49      0x2e0 Application/User/Core/main.o
 .debug_macro   0x000000000001ed29      0x35d Application/User/Core/main.o
 .debug_macro   0x000000000001f086      0x2fe Application/User/Core/main.o
 .debug_macro   0x000000000001f384      0x9f7 Application/User/Core/main.o
 .debug_macro   0x000000000001fd7b      0x135 Application/User/Core/main.o
 .debug_macro   0x000000000001feb0      0x55f Application/User/Core/main.o
 .debug_macro   0x000000000002040f       0x44 Application/User/Core/main.o
 .debug_macro   0x0000000000020453      0x267 Application/User/Core/main.o
 .debug_macro   0x00000000000206ba      0x22c Application/User/Core/stm32l4xx_hal_msp.o
 .debug_macro   0x00000000000208e6      0x236 Application/User/Core/stm32l4xx_it.o
 .debug_macro   0x0000000000020b1c      0x233 Drivers/CMSIS/system_stm32l4xx.o
 .debug_macro   0x0000000000020d4f      0x27a Drivers/STM32L4xx_HAL_Driver/stm32l4xx_hal.o
 .debug_macro   0x0000000000020fc9      0x249 Drivers/STM32L4xx_HAL_Driver/stm32l4xx_hal_adc.o
 .debug_macro   0x0000000000021212      0x238 Drivers/STM32L4xx_HAL_Driver/stm32l4xx_hal_adc_ex.o
 .debug_macro   0x000000000002144a      0x22c Drivers/STM32L4xx_HAL_Driver/stm32l4xx_hal_cortex.o
 .debug_macro   0x0000000000021676      0x22c Drivers/STM32L4xx_HAL_Driver/stm32l4xx_hal_dma.o
 .debug_macro   0x00000000000218a2      0x26b Drivers/STM32L4xx_HAL_Driver/stm32l4xx_hal_gpio.o
 .debug_macro   0x0000000000021b0d      0x250 Drivers/STM32L4xx_HAL_Driver/stm32l4xx_hal_pwr_ex.o
 .debug_macro   0x0000000000021d5d      0x26e Drivers/STM32L4xx_HAL_Driver/stm32l4xx_hal_rcc.o
 .debug_macro   0x0000000000021fcb      0x262 Drivers/STM32L4xx_HAL_Driver/stm32l4xx_hal_rcc_ex.o
 .debug_macro   0x000000000002222d      0x273 Drivers/STM32L4xx_HAL_Driver/stm32l4xx_hal_smbus.o
 .debug_macro   0x00000000000224a0      0x234 Drivers/STM32L4xx_HAL_Driver/stm32l4xx_hal_spi.o
 .debug_macro   0x00000000000226d4      0x22d Drivers/STM32L4xx_HAL_Driver/stm32l4xx_hal_tim.o
 .debug_macro   0x0000000000022901      0x22c Drivers/STM32L4xx_HAL_Driver/stm32l4xx_hal_tim_ex.o
 .debug_macro   0x0000000000022b2d      0x257 Drivers/STM32L4xx_HAL_Driver/stm32l4xx_hal_uart.o
 .debug_macro   0x0000000000022d84      0x22c Drivers/STM32L4xx_HAL_Driver/stm32l4xx_hal_uart_ex.o

.comment        0x0000000000000000       0x7e
 .comment       0x0000000000000000       0x7e Application/User/Core/main.o
                                         0x7f (size before relaxing)
 .comment       0x000000000000007e       0x7f Application/User/Core/stm32l4xx_hal_msp.o
 .comment       0x000000000000007e       0x7f Application/User/Core/stm32l4xx_it.o
 .comment       0x000000000000007e       0x7f Drivers/CMSIS/system_stm32l4xx.o